../Core/Src/syscalls.c:51:6:ITM_SendChar	0	static
../Core/Src/syscalls.c:84:6:initialise_monitor_handles	0	static
../Core/Src/syscalls.c:88:5:_getpid	0	static
../Core/Src/syscalls.c:93:5:_kill	8	static
../Core/Src/syscalls.c:99:6:_exit	8	static
../Core/Src/syscalls.c:105:27:_read	16	static
../Core/Src/syscalls.c:117:27:_write	16	static
../Core/Src/syscalls.c:129:5:_close	0	static
../Core/Src/syscalls.c:135:5:_fstat	0	static
../Core/Src/syscalls.c:141:5:_isatty	0	static
../Core/Src/syscalls.c:146:5:_lseek	0	static
../Core/Src/syscalls.c:151:5:_open	0	static
../Core/Src/syscalls.c:157:5:_wait	8	static
../Core/Src/syscalls.c:163:5:_unlink	8	static
../Core/Src/syscalls.c:169:5:_times	0	static
../Core/Src/syscalls.c:174:5:_stat	0	static
../Core/Src/syscalls.c:180:5:_link	8	static
../Core/Src/syscalls.c:186:5:_fork	8	static
../Core/Src/syscalls.c:192:5:_execve	8	static
