Archive member included to satisfy reference by file (symbol)

c:/st/stm32cubeide_1.9.0/stm32cubeide/plugins/com.st.stm32cube.ide.mcu.externaltools.gnu-tools-for-stm32.10.3-2021.10.win32_1.0.200.202301161003/tools/bin/../lib/gcc/arm-none-eabi/10.3.1/../../../../arm-none-eabi/lib/thumb/v7e-m+fp/hard\libc_nano.a(lib_a-errno.o)
                              ./Core/Src/syscalls.o (__errno)
c:/st/stm32cubeide_1.9.0/stm32cubeide/plugins/com.st.stm32cube.ide.mcu.externaltools.gnu-tools-for-stm32.10.3-2021.10.win32_1.0.200.202301161003/tools/bin/../lib/gcc/arm-none-eabi/10.3.1/../../../../arm-none-eabi/lib/thumb/v7e-m+fp/hard\libc_nano.a(lib_a-exit.o)
                              c:/st/stm32cubeide_1.9.0/stm32cubeide/plugins/com.st.stm32cube.ide.mcu.externaltools.gnu-tools-for-stm32.10.3-2021.10.win32_1.0.200.202301161003/tools/bin/../lib/gcc/arm-none-eabi/10.3.1/../../../../arm-none-eabi/lib/thumb/v7e-m+fp/hard/crt0.o (exit)
c:/st/stm32cubeide_1.9.0/stm32cubeide/plugins/com.st.stm32cube.ide.mcu.externaltools.gnu-tools-for-stm32.10.3-2021.10.win32_1.0.200.202301161003/tools/bin/../lib/gcc/arm-none-eabi/10.3.1/../../../../arm-none-eabi/lib/thumb/v7e-m+fp/hard\libc_nano.a(lib_a-impure.o)
                              c:/st/stm32cubeide_1.9.0/stm32cubeide/plugins/com.st.stm32cube.ide.mcu.externaltools.gnu-tools-for-stm32.10.3-2021.10.win32_1.0.200.202301161003/tools/bin/../lib/gcc/arm-none-eabi/10.3.1/../../../../arm-none-eabi/lib/thumb/v7e-m+fp/hard\libc_nano.a(lib_a-exit.o) (_global_impure_ptr)
c:/st/stm32cubeide_1.9.0/stm32cubeide/plugins/com.st.stm32cube.ide.mcu.externaltools.gnu-tools-for-stm32.10.3-2021.10.win32_1.0.200.202301161003/tools/bin/../lib/gcc/arm-none-eabi/10.3.1/../../../../arm-none-eabi/lib/thumb/v7e-m+fp/hard\libc_nano.a(lib_a-init.o)
                              c:/st/stm32cubeide_1.9.0/stm32cubeide/plugins/com.st.stm32cube.ide.mcu.externaltools.gnu-tools-for-stm32.10.3-2021.10.win32_1.0.200.202301161003/tools/bin/../lib/gcc/arm-none-eabi/10.3.1/../../../../arm-none-eabi/lib/thumb/v7e-m+fp/hard/crt0.o (__libc_init_array)
c:/st/stm32cubeide_1.9.0/stm32cubeide/plugins/com.st.stm32cube.ide.mcu.externaltools.gnu-tools-for-stm32.10.3-2021.10.win32_1.0.200.202301161003/tools/bin/../lib/gcc/arm-none-eabi/10.3.1/../../../../arm-none-eabi/lib/thumb/v7e-m+fp/hard\libc_nano.a(lib_a-memcpy-stub.o)
                              ./FreeRTOS-Kernel/queue.o (memcpy)
c:/st/stm32cubeide_1.9.0/stm32cubeide/plugins/com.st.stm32cube.ide.mcu.externaltools.gnu-tools-for-stm32.10.3-2021.10.win32_1.0.200.202301161003/tools/bin/../lib/gcc/arm-none-eabi/10.3.1/../../../../arm-none-eabi/lib/thumb/v7e-m+fp/hard\libc_nano.a(lib_a-memset.o)
                              c:/st/stm32cubeide_1.9.0/stm32cubeide/plugins/com.st.stm32cube.ide.mcu.externaltools.gnu-tools-for-stm32.10.3-2021.10.win32_1.0.200.202301161003/tools/bin/../lib/gcc/arm-none-eabi/10.3.1/../../../../arm-none-eabi/lib/thumb/v7e-m+fp/hard/crt0.o (memset)
c:/st/stm32cubeide_1.9.0/stm32cubeide/plugins/com.st.stm32cube.ide.mcu.externaltools.gnu-tools-for-stm32.10.3-2021.10.win32_1.0.200.202301161003/tools/bin/../lib/gcc/arm-none-eabi/10.3.1/../../../../arm-none-eabi/lib/thumb/v7e-m+fp/hard\libc_nano.a(lib_a-puts.o)
                              ./Core/Src/main.o (puts)
c:/st/stm32cubeide_1.9.0/stm32cubeide/plugins/com.st.stm32cube.ide.mcu.externaltools.gnu-tools-for-stm32.10.3-2021.10.win32_1.0.200.202301161003/tools/bin/../lib/gcc/arm-none-eabi/10.3.1/../../../../arm-none-eabi/lib/thumb/v7e-m+fp/hard\libc_nano.a(lib_a-wbuf.o)
                              c:/st/stm32cubeide_1.9.0/stm32cubeide/plugins/com.st.stm32cube.ide.mcu.externaltools.gnu-tools-for-stm32.10.3-2021.10.win32_1.0.200.202301161003/tools/bin/../lib/gcc/arm-none-eabi/10.3.1/../../../../arm-none-eabi/lib/thumb/v7e-m+fp/hard\libc_nano.a(lib_a-puts.o) (__swbuf_r)
c:/st/stm32cubeide_1.9.0/stm32cubeide/plugins/com.st.stm32cube.ide.mcu.externaltools.gnu-tools-for-stm32.10.3-2021.10.win32_1.0.200.202301161003/tools/bin/../lib/gcc/arm-none-eabi/10.3.1/../../../../arm-none-eabi/lib/thumb/v7e-m+fp/hard\libc_nano.a(lib_a-wsetup.o)
                              c:/st/stm32cubeide_1.9.0/stm32cubeide/plugins/com.st.stm32cube.ide.mcu.externaltools.gnu-tools-for-stm32.10.3-2021.10.win32_1.0.200.202301161003/tools/bin/../lib/gcc/arm-none-eabi/10.3.1/../../../../arm-none-eabi/lib/thumb/v7e-m+fp/hard\libc_nano.a(lib_a-puts.o) (__swsetup_r)
c:/st/stm32cubeide_1.9.0/stm32cubeide/plugins/com.st.stm32cube.ide.mcu.externaltools.gnu-tools-for-stm32.10.3-2021.10.win32_1.0.200.202301161003/tools/bin/../lib/gcc/arm-none-eabi/10.3.1/../../../../arm-none-eabi/lib/thumb/v7e-m+fp/hard\libc_nano.a(lib_a-fflush.o)
                              c:/st/stm32cubeide_1.9.0/stm32cubeide/plugins/com.st.stm32cube.ide.mcu.externaltools.gnu-tools-for-stm32.10.3-2021.10.win32_1.0.200.202301161003/tools/bin/../lib/gcc/arm-none-eabi/10.3.1/../../../../arm-none-eabi/lib/thumb/v7e-m+fp/hard\libc_nano.a(lib_a-wbuf.o) (_fflush_r)
[...]
Memory Configuration

Name             Origin             Length             Attributes
CCMRAM           0x0000000010000000 0x0000000000001000 xrw
RAM              0x0000000020000000 0x0000000000003000 xrw
FLASH            0x0000000008000000 0x0000000000010000 xr
*default*        0x0000000000000000 0xffffffffffffffff

Linker script and memory map

LOAD c:/st/stm32cubeide_1.9.0/stm32cubeide/plugins/com.st.stm32cube.ide.mcu.externaltools.gnu-tools-for-stm32.10.3-2021.10.win32_1.0.200.202301161003/tools/bin/../lib/gcc/arm-none-eabi/10.3.1/thumb/v7e-m+fp/hard/crti.o
LOAD c:/st/stm32cubeide_1.9.0/stm32cubeide/plugins/com.st.stm32cube.ide.mcu.externaltools.gnu-tools-for-stm32.10.3-2021.10.win32_1.0.200.202301161003/tools/bin/../lib/gcc/arm-none-eabi/10.3.1/thumb/v7e-m+fp/hard/crtbegin.o
LOAD c:/st/stm32cubeide_1.9.0/stm32cubeide/plugins/com.st.stm32cube.ide.mcu.externaltools.gnu-tools-for-stm32.10.3-2021.10.win32_1.0.200.202301161003/tools/bin/../lib/gcc/arm-none-eabi/10.3.1/../../../../arm-none-eabi/lib/thumb/v7e-m+fp/hard/crt0.o
LOAD ./Core/Src/main.o
LOAD ./Core/Src/stm32f3xx_hal_msp.o
LOAD ./Core/Src/stm32f3xx_hal_timebase_tim.o
LOAD ./Core/Src/stm32f3xx_it.o
LOAD ./Core/Src/syscalls.o
LOAD ./Core/Src/system_stm32f3xx.o
LOAD ./Core/Startup/startup_stm32f334r8tx.o
LOAD ./Drivers/STM32F3xx_HAL_Driver/Src/stm32f3xx_hal.o
LOAD ./Drivers/STM32F3xx_HAL_Driver/Src/stm32f3xx_hal_cortex.o
LOAD ./Drivers/STM32F3xx_HAL_Driver/Src/stm32f3xx_hal_dma.o
LOAD ./Drivers/STM32F3xx_HAL_Driver/Src/stm32f3xx_hal_exti.o
LOAD ./Drivers/STM32F3xx_HAL_Driver/Src/stm32f3xx_hal_flash.o
LOAD ./Drivers/STM32F3xx_HAL_Driver/Src/stm32f3xx_hal_flash_ex.o
LOAD ./Drivers/STM32F3xx_HAL_Driver/Src/stm32f3xx_hal_gpio.o
LOAD ./Drivers/STM32F3xx_HAL_Driver/Src/stm32f3xx_hal_i2c.o
LOAD ./Drivers/STM32F3xx_HAL_Driver/Src/stm32f3xx_hal_i2c_ex.o
LOAD ./Drivers/STM32F3xx_HAL_Driver/Src/stm32f3xx_hal_pwr.o
LOAD ./Drivers/STM32F3xx_HAL_Driver/Src/stm32f3xx_hal_pwr_ex.o
LOAD ./Drivers/STM32F3xx_HAL_Driver/Src/stm32f3xx_hal_rcc.o
LOAD ./Drivers/STM32F3xx_HAL_Driver/Src/stm32f3xx_hal_rcc_ex.o
LOAD ./Drivers/STM32F3xx_HAL_Driver/Src/stm32f3xx_hal_tim.o
LOAD ./Drivers/STM32F3xx_HAL_Driver/Src/stm32f3xx_hal_tim_ex.o
LOAD ./FreeRTOS-Kernel/croutine.o
LOAD ./FreeRTOS-Kernel/event_groups.o
LOAD ./FreeRTOS-Kernel/list.o
LOAD ./FreeRTOS-Kernel/queue.o
LOAD ./FreeRTOS-Kernel/stream_buffer.o
LOAD ./FreeRTOS-Kernel/tasks.o
LOAD ./FreeRTOS-Kernel/timers.o
LOAD ./FreeRTOS-Kernel/portable/GCC/ARM_CM4F/port.o
LOAD ./FreeRTOS-Kernel/portable/MemMang/heap_4.o
START GROUP
LOAD c:/st/stm32cubeide_1.9.0/stm32cubeide/plugins/com.st.stm32cube.ide.mcu.externaltools.gnu-tools-for-stm32.10.3-2021.10.win32_1.0.200.202301161003/tools/bin/../lib/gcc/arm-none-eabi/10.3.1/../../../../arm-none-eabi/lib/thumb/v7e-m+fp/hard\libc_nano.a
LOAD c:/st/stm32cubeide_1.9.0/stm32cubeide/plugins/com.st.stm32cube.ide.mcu.externaltools.gnu-tools-for-stm32.10.3-2021.10.win32_1.0.200.202301161003/tools/bin/../lib/gcc/arm-none-eabi/10.3.1/../../../../arm-none-eabi/lib/thumb/v7e-m+fp/hard\libm.a
END GROUP
START GROUP
LOAD c:/st/stm32cubeide_1.9.0/stm32cubeide/plugins/com.st.stm32cube.ide.mcu.externaltools.gnu-tools-for-stm32.10.3-2021.10.win32_1.0.200.202301161003/tools/bin/../lib/gcc/arm-none-eabi/10.3.1/thumb/v7e-m+fp/hard\libgcc.a
LOAD c:/st/stm32cubeide_1.9.0/stm32cubeide/plugins/com.st.stm32cube.ide.mcu.externaltools.gnu-tools-for-stm32.10.3-2021.10.win32_1.0.200.202301161003/tools/bin/../lib/gcc/arm-none-eabi/10.3.1/../../../../arm-none-eabi/lib/thumb/v7e-m+fp/hard\libc_nano.a
END GROUP
START GROUP
LOAD c:/st/stm32cubeide_1.9.0/stm32cubeide/plugins/com.st.stm32cube.ide.mcu.externaltools.gnu-tools-for-stm32.10.3-2021.10.win32_1.0.200.202301161003/tools/bin/../lib/gcc/arm-none-eabi/10.3.1/thumb/v7e-m+fp/hard\libgcc.a
LOAD c:/st/stm32cubeide_1.9.0/stm32cubeide/plugins/com.st.stm32cube.ide.mcu.externaltools.gnu-tools-for-stm32.10.3-2021.10.win32_1.0.200.202301161003/tools/bin/../lib/gcc/arm-none-eabi/10.3.1/../../../../arm-none-eabi/lib/thumb/v7e-m+fp/hard\libc_nano.a
LOAD c:/st/stm32cubeide_1.9.0/stm32cubeide/plugins/com.st.stm32cube.ide.mcu.externaltools.gnu-tools-for-stm32.10.3-2021.10.win32_1.0.200.202301161003/tools/bin/../lib/gcc/arm-none-eabi/10.3.1/../../../../arm-none-eabi/lib/thumb/v7e-m+fp/hard\libnosys.a
END GROUP
START GROUP
LOAD c:/st/stm32cubeide_1.9.0/stm32cubeide/plugins/com.st.stm32cube.ide.mcu.externaltools.gnu-tools-for-stm32.10.3-2021.10.win32_1.0.200.202301161003/tools/bin/../lib/gcc/arm-none-eabi/10.3.1/thumb/v7e-m+fp/hard\libgcc.a
LOAD c:/st/stm32cubeide_1.9.0/stm32cubeide/plugins/com.st.stm32cube.ide.mcu.externaltools.gnu-tools-for-stm32.10.3-2021.10.win32_1.0.200.202301161003/tools/bin/../lib/gcc/arm-none-eabi/10.3.1/../../../../arm-none-eabi/lib/thumb/v7e-m+fp/hard\libc_nano.a
LOAD c:/st/stm32cubeide_1.9.0/stm32cubeide/plugins/com.st.stm32cube.ide.mcu.externaltools.gnu-tools-for-stm32.10.3-2021.10.win32_1.0.200.202301161003/tools/bin/../lib/gcc/arm-none-eabi/10.3.1/../../../../arm-none-eabi/lib/thumb/v7e-m+fp/hard\libnosys.a
END GROUP
LOAD c:/st/stm32cubeide_1.9.0/stm32cubeide/plugins/com.st.stm32cube.ide.mcu.externaltools.gnu-tools-for-stm32.10.3-2021.10.win32_1.0.200.202301161003/tools/bin/../lib/gcc/arm-none-eabi/10.3.1/thumb/v7e-m+fp/hard/crtend.o
LOAD c:/st/stm32cubeide_1.9.0/stm32cubeide/plugins/com.st.stm32cube.ide.mcu.externaltools.gnu-tools-for-stm32.10.3-2021.10.win32_1.0.200.202301161003/tools/bin/../lib/gcc/arm-none-eabi/10.3.1/thumb/v7e-m+fp/hard/crtn.o
                0x0000000020003000                _estack = (ORIGIN (RAM) + LENGTH (RAM))
                0x0000000000000200                _Min_Heap_Size = 0x200
                0x0000000000000400                _Min_Stack_Size = 0x400

.isr_vector     0x0000000008000000      0x188
                0x0000000008000000                . = ALIGN (0x4)
 *(.isr_vector)
 .isr_vector    0x0000000008000000      0x188 ./Core/Startup/startup_stm32f334r8tx.o
                0x0000000008000000                g_pfnVectors
                0x0000000008000188                . = ALIGN (0x4)

.text           0x0000000008000190     0x59c8
                0x0000000008000190                . = ALIGN (0x4)
 *(.text)
 .text          0x0000000008000190       0x40 c:/st/stm32cubeide_1.9.0/stm32cubeide/plugins/com.st.stm32cube.ide.mcu.externaltools.gnu-tools-for-stm32.10.3-2021.10.win32_1.0.200.202301161003/tools/bin/../lib/gcc/arm-none-eabi/10.3.1/thumb/v7e-m+fp/hard/crtbegin.o
 *(.text*)
 .text.main     0x00000000080001d0       0xac ./Core/Src/main.o
                0x00000000080001d0                main
 .text.SystemClock_Config
                0x000000000800027c       0x76 ./Core/Src/main.o
                0x000000000800027c                SystemClock_Config
 *fill*         0x00000000080002f2        0x2 
 .text.MX_GPIO_Init
                0x00000000080002f4       0x60 ./Core/Src/main.o
 .text.oneshotcallback
                0x0000000008000354       0x1c ./Core/Src/main.o
                0x0000000008000354                oneshotcallback
 .text.Autoreloadcallback
                0x0000000008000370       0x1a ./Core/Src/main.o
                0x0000000008000370                Autoreloadcallback
 *fill*         0x000000000800038a        0x2 
 .text.HAL_TIM_PeriodElapsedCallback
                0x000000000800038c       0x24 ./Core/Src/main.o
                0x000000000800038c                HAL_TIM_PeriodElapsedCallback
 .text.Error_Handler
                0x00000000080003b0        0xa ./Core/Src/main.o
                0x00000000080003b0                Error_Handler
 *fill*         0x00000000080003ba        0x2 
 .text.HAL_MspInit
                0x00000000080003bc       0x48 ./Core/Src/stm32f3xx_hal_msp.o
                0x00000000080003bc                HAL_MspInit
 .text.HAL_InitTick
                0x0000000008000404       0xf4 ./Core/Src/stm32f3xx_hal_timebase_tim.o
                0x0000000008000404                HAL_InitTick
 .text.NMI_Handler
                0x00000000080004f8        0x6 ./Core/Src/stm32f3xx_it.o
                0x00000000080004f8                NMI_Handler
 .text.HardFault_Handler
                0x00000000080004fe        0x6 ./Core/Src/stm32f3xx_it.o
                0x00000000080004fe                HardFault_Handler
 .text.MemManage_Handler
                0x0000000008000504        0x6 ./Core/Src/stm32f3xx_it.o
                0x0000000008000504                MemManage_Handler
 .text.BusFault_Handler
                0x000000000800050a        0x6 ./Core/Src/stm32f3xx_it.o
                0x000000000800050a                BusFault_Handler
 .text.UsageFault_Handler
                0x0000000008000510        0x6 ./Core/Src/stm32f3xx_it.o
                0x0000000008000510                UsageFault_Handler
 .text.DebugMon_Handler
                0x0000000008000516        0xe ./Core/Src/stm32f3xx_it.o
                0x0000000008000516                DebugMon_Handler
 .text.TIM6_DAC1_IRQHandler
                0x0000000008000524       0x14 ./Core/Src/stm32f3xx_it.o
                0x0000000008000524                TIM6_DAC1_IRQHandler
 .text.ITM_SendChar
                0x0000000008000538       0x50 ./Core/Src/syscalls.o
                0x0000000008000538                ITM_SendChar
 .text._read    0x0000000008000588       0x3a ./Core/Src/syscalls.o
                0x0000000008000588                _read
 .text._write   0x00000000080005c2       0x38 ./Core/Src/syscalls.o
                0x00000000080005c2                _write
 .text._close   0x00000000080005fa       0x18 ./Core/Src/syscalls.o
                0x00000000080005fa                _close
 .text._fstat   0x0000000008000612       0x20 ./Core/Src/syscalls.o
                0x0000000008000612                _fstat
 .text._isatty  0x0000000008000632       0x16 ./Core/Src/syscalls.o
                0x0000000008000632                _isatty
 .text._lseek   0x0000000008000648       0x1a ./Core/Src/syscalls.o
                0x0000000008000648                _lseek
 *fill*         0x0000000008000662        0x2 
 .text.SystemInit
                0x0000000008000664       0x24 ./Core/Src/system_stm32f3xx.o
                0x0000000008000664                SystemInit
 .text.Reset_Handler
                0x0000000008000688       0x50 ./Core/Startup/startup_stm32f334r8tx.o
                0x0000000008000688                Reset_Handler
 .text.Default_Handler
                0x00000000080006d8        0x2 ./Core/Startup/startup_stm32f334r8tx.o
                0x00000000080006d8                RTC_Alarm_IRQHandler
                0x00000000080006d8                HRTIM1_Master_IRQHandler
                0x00000000080006d8                TIM1_CC_IRQHandler
                0x00000000080006d8                HRTIM1_FLT_IRQHandler
                0x00000000080006d8                PVD_IRQHandler
                0x00000000080006d8                HRTIM1_TIMD_IRQHandler
                0x00000000080006d8                TAMP_STAMP_IRQHandler
                0x00000000080006d8                EXTI3_IRQHandler
                0x00000000080006d8                EXTI0_IRQHandler
                0x00000000080006d8                FPU_IRQHandler
                0x00000000080006d8                CAN_TX_IRQHandler
                0x00000000080006d8                TIM1_UP_TIM16_IRQHandler
                0x00000000080006d8                ADC1_2_IRQHandler
                0x00000000080006d8                HRTIM1_TIME_IRQHandler
                0x00000000080006d8                SPI1_IRQHandler
                0x00000000080006d8                CAN_SCE_IRQHandler
                0x00000000080006d8                HRTIM1_TIMC_IRQHandler
                0x00000000080006d8                DMA1_Channel4_IRQHandler
                0x00000000080006d8                USART3_IRQHandler
                0x00000000080006d8                DMA1_Channel7_IRQHandler
                0x00000000080006d8                TIM7_DAC2_IRQHandler
                0x00000000080006d8                CAN_RX1_IRQHandler
                0x00000000080006d8                I2C1_EV_IRQHandler
                0x00000000080006d8                DMA1_Channel6_IRQHandler
                0x00000000080006d8                TIM3_IRQHandler
                0x00000000080006d8                RCC_IRQHandler
                0x00000000080006d8                DMA1_Channel1_IRQHandler
                0x00000000080006d8                Default_Handler
                0x00000000080006d8                EXTI15_10_IRQHandler
                0x00000000080006d8                COMP2_IRQHandler
                0x00000000080006d8                HRTIM1_TIMA_IRQHandler
                0x00000000080006d8                EXTI9_5_IRQHandler
                0x00000000080006d8                RTC_WKUP_IRQHandler
                0x00000000080006d8                DMA1_Channel5_IRQHandler
                0x00000000080006d8                EXTI4_IRQHandler
                0x00000000080006d8                HRTIM1_TIMB_IRQHandler
                0x00000000080006d8                TIM1_TRG_COM_TIM17_IRQHandler
                0x00000000080006d8                DMA1_Channel3_IRQHandler
                0x00000000080006d8                WWDG_IRQHandler
                0x00000000080006d8                TIM2_IRQHandler
                0x00000000080006d8                EXTI1_IRQHandler
                0x00000000080006d8                COMP4_6_IRQHandler
                0x00000000080006d8                USART2_IRQHandler
                0x00000000080006d8                DMA1_Channel2_IRQHandler
                0x00000000080006d8                FLASH_IRQHandler
                0x00000000080006d8                USART1_IRQHandler
                0x00000000080006d8                CAN_RX0_IRQHandler
                0x00000000080006d8                I2C1_ER_IRQHandler
                0x00000000080006d8                EXTI2_TSC_IRQHandler
                0x00000000080006d8                TIM1_BRK_TIM15_IRQHandler
 *fill*         0x00000000080006da        0x2 
 .text.HAL_Init
                0x00000000080006dc       0x2c ./Drivers/STM32F3xx_HAL_Driver/Src/stm32f3xx_hal.o
                0x00000000080006dc                HAL_Init
 .text.HAL_IncTick
                0x0000000008000708       0x28 ./Drivers/STM32F3xx_HAL_Driver/Src/stm32f3xx_hal.o
                0x0000000008000708                HAL_IncTick
 .text.HAL_GetTick
                0x0000000008000730       0x18 ./Drivers/STM32F3xx_HAL_Driver/Src/stm32f3xx_hal.o
                0x0000000008000730                HAL_GetTick
 .text.__NVIC_SetPriorityGrouping
                0x0000000008000748       0x48 ./Drivers/STM32F3xx_HAL_Driver/Src/stm32f3xx_hal_cortex.o
 .text.__NVIC_GetPriorityGrouping
                0x0000000008000790       0x1c ./Drivers/STM32F3xx_HAL_Driver/Src/stm32f3xx_hal_cortex.o
 .text.__NVIC_EnableIRQ
                0x00000000080007ac       0x3c ./Drivers/STM32F3xx_HAL_Driver/Src/stm32f3xx_hal_cortex.o
 .text.__NVIC_SetPriority
                0x00000000080007e8       0x54 ./Drivers/STM32F3xx_HAL_Driver/Src/stm32f3xx_hal_cortex.o
 .text.NVIC_EncodePriority
                0x000000000800083c       0x66 ./Drivers/STM32F3xx_HAL_Driver/Src/stm32f3xx_hal_cortex.o
 .text.HAL_NVIC_SetPriorityGrouping
                0x00000000080008a2       0x16 ./Drivers/STM32F3xx_HAL_Driver/Src/stm32f3xx_hal_cortex.o
                0x00000000080008a2                HAL_NVIC_SetPriorityGrouping
 .text.HAL_NVIC_SetPriority
                0x00000000080008b8       0x38 ./Drivers/STM32F3xx_HAL_Driver/Src/stm32f3xx_hal_cortex.o
                0x00000000080008b8                HAL_NVIC_SetPriority
 .text.HAL_NVIC_EnableIRQ
                0x00000000080008f0       0x1c ./Drivers/STM32F3xx_HAL_Driver/Src/stm32f3xx_hal_cortex.o
                0x00000000080008f0                HAL_NVIC_EnableIRQ
 .text.HAL_GPIO_Init
                0x000000000800090c      0x2e4 ./Drivers/STM32F3xx_HAL_Driver/Src/stm32f3xx_hal_gpio.o
                0x000000000800090c                HAL_GPIO_Init
 .text.HAL_GPIO_WritePin
                0x0000000008000bf0       0x30 ./Drivers/STM32F3xx_HAL_Driver/Src/stm32f3xx_hal_gpio.o
                0x0000000008000bf0                HAL_GPIO_WritePin
 .text.HAL_GPIO_TogglePin
                0x0000000008000c20       0x34 ./Drivers/STM32F3xx_HAL_Driver/Src/stm32f3xx_hal_gpio.o
                0x0000000008000c20                HAL_GPIO_TogglePin
 .text.HAL_RCC_OscConfig
                0x0000000008000c54     0x107c ./Drivers/STM32F3xx_HAL_Driver/Src/stm32f3xx_hal_rcc.o
                0x0000000008000c54                HAL_RCC_OscConfig
 .text.HAL_RCC_ClockConfig
                0x0000000008001cd0      0x2f8 ./Drivers/STM32F3xx_HAL_Driver/Src/stm32f3xx_hal_rcc.o
                0x0000000008001cd0                HAL_RCC_ClockConfig
 .text.HAL_RCC_GetSysClockFreq
                0x0000000008001fc8       0xd4 ./Drivers/STM32F3xx_HAL_Driver/Src/stm32f3xx_hal_rcc.o
                0x0000000008001fc8                HAL_RCC_GetSysClockFreq
 .text.HAL_RCC_GetHCLKFreq
                0x000000000800209c       0x18 ./Drivers/STM32F3xx_HAL_Driver/Src/stm32f3xx_hal_rcc.o
                0x000000000800209c                HAL_RCC_GetHCLKFreq
 .text.HAL_RCC_GetPCLK1Freq
                0x00000000080020b4       0x44 ./Drivers/STM32F3xx_HAL_Driver/Src/stm32f3xx_hal_rcc.o
                0x00000000080020b4                HAL_RCC_GetPCLK1Freq
 .text.HAL_RCC_GetClockConfig
                0x00000000080020f8       0x64 ./Drivers/STM32F3xx_HAL_Driver/Src/stm32f3xx_hal_rcc.o
                0x00000000080020f8                HAL_RCC_GetClockConfig
 .text.HAL_TIM_Base_Init
                0x000000000800215c       0xae ./Drivers/STM32F3xx_HAL_Driver/Src/stm32f3xx_hal_tim.o
                0x000000000800215c                HAL_TIM_Base_Init
 .text.HAL_TIM_Base_MspInit
                0x000000000800220a       0x14 ./Drivers/STM32F3xx_HAL_Driver/Src/stm32f3xx_hal_tim.o
                0x000000000800220a                HAL_TIM_Base_MspInit
 *fill*         0x000000000800221e        0x2 
 .text.HAL_TIM_Base_Start_IT
                0x0000000008002220       0xb8 ./Drivers/STM32F3xx_HAL_Driver/Src/stm32f3xx_hal_tim.o
                0x0000000008002220                HAL_TIM_Base_Start_IT
 .text.HAL_TIM_IRQHandler
                0x00000000080022d8      0x23e ./Drivers/STM32F3xx_HAL_Driver/Src/stm32f3xx_hal_tim.o
                0x00000000080022d8                HAL_TIM_IRQHandler
 .text.HAL_TIM_OC_DelayElapsedCallback
                0x0000000008002516       0x14 ./Drivers/STM32F3xx_HAL_Driver/Src/stm32f3xx_hal_tim.o
                0x0000000008002516                HAL_TIM_OC_DelayElapsedCallback
 .text.HAL_TIM_IC_CaptureCallback
                0x000000000800252a       0x14 ./Drivers/STM32F3xx_HAL_Driver/Src/stm32f3xx_hal_tim.o
                0x000000000800252a                HAL_TIM_IC_CaptureCallback
 .text.HAL_TIM_PWM_PulseFinishedCallback
                0x000000000800253e       0x14 ./Drivers/STM32F3xx_HAL_Driver/Src/stm32f3xx_hal_tim.o
                0x000000000800253e                HAL_TIM_PWM_PulseFinishedCallback
 .text.HAL_TIM_TriggerCallback
                0x0000000008002552       0x14 ./Drivers/STM32F3xx_HAL_Driver/Src/stm32f3xx_hal_tim.o
                0x0000000008002552                HAL_TIM_TriggerCallback
 *fill*         0x0000000008002566        0x2 
 .text.TIM_Base_SetConfig
                0x0000000008002568       0xf0 ./Drivers/STM32F3xx_HAL_Driver/Src/stm32f3xx_hal_tim.o
                0x0000000008002568                TIM_Base_SetConfig
 .text.HAL_TIMEx_CommutCallback
                0x0000000008002658       0x14 ./Drivers/STM32F3xx_HAL_Driver/Src/stm32f3xx_hal_tim_ex.o
                0x0000000008002658                HAL_TIMEx_CommutCallback
 .text.HAL_TIMEx_BreakCallback
                0x000000000800266c       0x14 ./Drivers/STM32F3xx_HAL_Driver/Src/stm32f3xx_hal_tim_ex.o
                0x000000000800266c                HAL_TIMEx_BreakCallback
 .text.HAL_TIMEx_Break2Callback
                0x0000000008002680       0x14 ./Drivers/STM32F3xx_HAL_Driver/Src/stm32f3xx_hal_tim_ex.o
                0x0000000008002680                HAL_TIMEx_Break2Callback
 .text.vListInitialise
                0x0000000008002694       0x40 ./FreeRTOS-Kernel/list.o
                0x0000000008002694                vListInitialise
 .text.vListInitialiseItem
                0x00000000080026d4       0x1a ./FreeRTOS-Kernel/list.o
                0x00000000080026d4                vListInitialiseItem
 .text.vListInsert
                0x00000000080026ee       0x72 ./FreeRTOS-Kernel/list.o
                0x00000000080026ee                vListInsert
 .text.uxListRemove
                0x0000000008002760       0x54 ./FreeRTOS-Kernel/list.o
                0x0000000008002760                uxListRemove
 .text.xQueueGenericReset
                0x00000000080027b4      0x120 ./FreeRTOS-Kernel/queue.o
                0x00000000080027b4                xQueueGenericReset
 .text.xQueueGenericCreate
                0x00000000080028d4       0x9c ./FreeRTOS-Kernel/queue.o
                0x00000000080028d4                xQueueGenericCreate
 .text.prvInitialiseNewQueue
                0x0000000008002970       0x46 ./FreeRTOS-Kernel/queue.o
 *fill*         0x00000000080029b6        0x2 
 .text.xQueueGenericSend
                0x00000000080029b8      0x1fc ./FreeRTOS-Kernel/queue.o
                0x00000000080029b8                xQueueGenericSend
 .text.xQueueGenericSendFromISR
                0x0000000008002bb4      0x164 ./FreeRTOS-Kernel/queue.o
                0x0000000008002bb4                xQueueGenericSendFromISR
 .text.xQueueReceive
                0x0000000008002d18      0x1c0 ./FreeRTOS-Kernel/queue.o
                0x0000000008002d18                xQueueReceive
 .text.prvCopyDataToQueue
                0x0000000008002ed8       0xd4 ./FreeRTOS-Kernel/queue.o
 .text.prvCopyDataFromQueue
                0x0000000008002fac       0x4c ./FreeRTOS-Kernel/queue.o
 .text.prvUnlockQueue
                0x0000000008002ff8       0xa4 ./FreeRTOS-Kernel/queue.o
 .text.prvIsQueueEmpty
                0x000000000800309c       0x2c ./FreeRTOS-Kernel/queue.o
 .text.prvIsQueueFull
                0x00000000080030c8       0x30 ./FreeRTOS-Kernel/queue.o
 .text.vQueueAddToRegistry
                0x00000000080030f8       0x9c ./FreeRTOS-Kernel/queue.o
                0x00000000080030f8                vQueueAddToRegistry
 .text.vQueueWaitForMessageRestricted
                0x0000000008003194       0x68 ./FreeRTOS-Kernel/queue.o
                0x0000000008003194                vQueueWaitForMessageRestricted
 .text.xTaskCreate
                0x00000000080031fc       0x8c ./FreeRTOS-Kernel/tasks.o
                0x00000000080031fc                xTaskCreate
 .text.prvInitialiseNewTask
                0x0000000008003288      0x11c ./FreeRTOS-Kernel/tasks.o
 .text.prvAddNewTaskToReadyList
                0x00000000080033a4      0x12c ./FreeRTOS-Kernel/tasks.o
 .text.vTaskStartScheduler
                0x00000000080034d0       0xa4 ./FreeRTOS-Kernel/tasks.o
                0x00000000080034d0                vTaskStartScheduler
 .text.vTaskSuspendAll
                0x0000000008003574       0x1c ./FreeRTOS-Kernel/tasks.o
                0x0000000008003574                vTaskSuspendAll
 .text.xTaskResumeAll
                0x0000000008003590      0x1f8 ./FreeRTOS-Kernel/tasks.o
                0x0000000008003590                xTaskResumeAll
 .text.xTaskGetTickCount
                0x0000000008003788       0x20 ./FreeRTOS-Kernel/tasks.o
                0x0000000008003788                xTaskGetTickCount
 .text.uxTaskGetNumberOfTasks
                0x00000000080037a8       0x18 ./FreeRTOS-Kernel/tasks.o
                0x00000000080037a8                uxTaskGetNumberOfTasks
 .text.xTaskIncrementTick
                0x00000000080037c0      0x22c ./FreeRTOS-Kernel/tasks.o
                0x00000000080037c0                xTaskIncrementTick
 .text.vTaskSwitchContext
                0x00000000080039ec       0xb8 ./FreeRTOS-Kernel/tasks.o
                0x00000000080039ec                vTaskSwitchContext
 .text.vTaskPlaceOnEventList
                0x0000000008003aa4       0x48 ./FreeRTOS-Kernel/tasks.o
                0x0000000008003aa4                vTaskPlaceOnEventList
 .text.vTaskPlaceOnEventListRestricted
                0x0000000008003aec       0x8c ./FreeRTOS-Kernel/tasks.o
                0x0000000008003aec                vTaskPlaceOnEventListRestricted
 .text.xTaskRemoveFromEventList
                0x0000000008003b78      0x1ac ./FreeRTOS-Kernel/tasks.o
                0x0000000008003b78                xTaskRemoveFromEventList
 .text.vTaskInternalSetTimeOutState
                0x0000000008003d24       0x2c ./FreeRTOS-Kernel/tasks.o
                0x0000000008003d24                vTaskInternalSetTimeOutState
 .text.xTaskCheckForTimeOut
                0x0000000008003d50       0xcc ./FreeRTOS-Kernel/tasks.o
                0x0000000008003d50                xTaskCheckForTimeOut
 .text.vTaskMissedYield
                0x0000000008003e1c       0x18 ./FreeRTOS-Kernel/tasks.o
                0x0000000008003e1c                vTaskMissedYield
 .text.prvIdleTask
                0x0000000008003e34       0x30 ./FreeRTOS-Kernel/tasks.o
 .text.prvInitialiseTaskLists
                0x0000000008003e64       0x80 ./FreeRTOS-Kernel/tasks.o
 .text.prvCheckTasksWaitingTermination
                0x0000000008003ee4       0x5c ./FreeRTOS-Kernel/tasks.o
 .text.prvDeleteTCB
                0x0000000008003f40       0x20 ./FreeRTOS-Kernel/tasks.o
 .text.prvResetNextTaskUnblockTime
                0x0000000008003f60       0x38 ./FreeRTOS-Kernel/tasks.o
 .text.xTaskGetSchedulerState
                0x0000000008003f98       0x3c ./FreeRTOS-Kernel/tasks.o
                0x0000000008003f98                xTaskGetSchedulerState
 .text.xTaskPriorityDisinherit
                0x0000000008003fd4      0x148 ./FreeRTOS-Kernel/tasks.o
                0x0000000008003fd4                xTaskPriorityDisinherit
 .text.prvAddCurrentTaskToDelayedList
                0x000000000800411c      0x100 ./FreeRTOS-Kernel/tasks.o
 .text.xTimerCreateTimerTask
                0x000000000800421c       0x64 ./FreeRTOS-Kernel/timers.o
                0x000000000800421c                xTimerCreateTimerTask
 .text.xTimerCreate
                0x0000000008004280       0x42 ./FreeRTOS-Kernel/timers.o
                0x0000000008004280                xTimerCreate
 .text.prvInitialiseNewTimer
                0x00000000080042c2       0x70 ./FreeRTOS-Kernel/timers.o
 *fill*         0x0000000008004332        0x2 
 .text.xTimerGenericCommand
                0x0000000008004334       0x9c ./FreeRTOS-Kernel/timers.o
                0x0000000008004334                xTimerGenericCommand
 .text.prvReloadTimer
                0x00000000080043d0       0x42 ./FreeRTOS-Kernel/timers.o
 *fill*         0x0000000008004412        0x2 
 .text.prvProcessExpiredTimer
                0x0000000008004414       0x60 ./FreeRTOS-Kernel/timers.o
 .text.prvTimerTask
                0x0000000008004474       0x24 ./FreeRTOS-Kernel/timers.o
 .text.prvProcessTimerOrBlockTask
                0x0000000008004498       0x9c ./FreeRTOS-Kernel/timers.o
 .text.prvGetNextExpireTime
                0x0000000008004534       0x48 ./FreeRTOS-Kernel/timers.o
 .text.prvSampleTimeNow
                0x000000000800457c       0x40 ./FreeRTOS-Kernel/timers.o
 .text.prvInsertTimerInActiveList
                0x00000000080045bc       0x84 ./FreeRTOS-Kernel/timers.o
 .text.prvProcessReceivedCommands
                0x0000000008004640      0x17c ./FreeRTOS-Kernel/timers.o
 .text.prvSwitchTimerLists
                0x00000000080047bc       0x4c ./FreeRTOS-Kernel/timers.o
 .text.prvCheckForValidListAndQueue
                0x0000000008004808       0x6c ./FreeRTOS-Kernel/timers.o
 .text.pxPortInitialiseStack
                0x0000000008004874       0x68 ./FreeRTOS-Kernel/portable/GCC/ARM_CM4F/port.o
                0x0000000008004874                pxPortInitialiseStack
 .text.prvTaskExitError
                0x00000000080048dc       0x58 ./FreeRTOS-Kernel/portable/GCC/ARM_CM4F/port.o
 *fill*         0x0000000008004934        0xc 
 .text.SVC_Handler
                0x0000000008004940       0x28 ./FreeRTOS-Kernel/portable/GCC/ARM_CM4F/port.o
                0x0000000008004940                SVC_Handler
 .text.prvPortStartFirstTask
                0x0000000008004968       0x2c ./FreeRTOS-Kernel/portable/GCC/ARM_CM4F/port.o
 .text.xPortStartScheduler
                0x0000000008004994      0x144 ./FreeRTOS-Kernel/portable/GCC/ARM_CM4F/port.o
                0x0000000008004994                xPortStartScheduler
 .text.vPortEnterCritical
                0x0000000008004ad8       0x60 ./FreeRTOS-Kernel/portable/GCC/ARM_CM4F/port.o
                0x0000000008004ad8                vPortEnterCritical
 .text.vPortExitCritical
                0x0000000008004b38       0x54 ./FreeRTOS-Kernel/portable/GCC/ARM_CM4F/port.o
                0x0000000008004b38                vPortExitCritical
 *fill*         0x0000000008004b8c        0x4 
 .text.PendSV_Handler
                0x0000000008004b90       0x68 ./FreeRTOS-Kernel/portable/GCC/ARM_CM4F/port.o
                0x0000000008004b90                PendSV_Handler
 .text.SysTick_Handler
                0x0000000008004bf8       0x44 ./FreeRTOS-Kernel/portable/GCC/ARM_CM4F/port.o
                0x0000000008004bf8                SysTick_Handler
 .text.vPortSetupTimerInterrupt
                0x0000000008004c3c       0x48 ./FreeRTOS-Kernel/portable/GCC/ARM_CM4F/port.o
                0x0000000008004c3c                vPortSetupTimerInterrupt
 .text.vPortEnableVFP
                0x0000000008004c84       0x18 ./FreeRTOS-Kernel/portable/GCC/ARM_CM4F/port.o
 .text.vPortValidateInterruptPriority
                0x0000000008004c9c       0x80 ./FreeRTOS-Kernel/portable/GCC/ARM_CM4F/port.o
                0x0000000008004c9c                vPortValidateInterruptPriority
 .text.pvPortMalloc
                0x0000000008004d1c      0x174 ./FreeRTOS-Kernel/portable/MemMang/heap_4.o
                0x0000000008004d1c                pvPortMalloc
 .text.vPortFree
                0x0000000008004e90       0xb8 ./FreeRTOS-Kernel/portable/MemMang/heap_4.o
                0x0000000008004e90                vPortFree
 .text.prvHeapInit
                0x0000000008004f48       0xb8 ./FreeRTOS-Kernel/portable/MemMang/heap_4.o
 .text.prvInsertBlockIntoFreeList
                0x0000000008005000       0xb4 ./FreeRTOS-Kernel/portable/MemMang/heap_4.o
 .text.__libc_init_array
                0x00000000080050b4       0x48 c:/st/stm32cubeide_1.9.0/stm32cubeide/plugins/com.st.stm32cube.ide.mcu.externaltools.gnu-tools-for-stm32.10.3-2021.10.win32_1.0.200.202301161003/tools/bin/../lib/gcc/arm-none-eabi/10.3.1/../../../../arm-none-eabi/lib/thumb/v7e-m+fp/hard\libc_nano.a(lib_a-init.o)
                0x00000000080050b4                __libc_init_array
 .text.memcpy   0x00000000080050fc       0x1c c:/st/stm32cubeide_1.9.0/stm32cubeide/plugins/com.st.stm32cube.ide.mcu.externaltools.gnu-tools-for-stm32.10.3-2021.10.win32_1.0.200.202301161003/tools/bin/../lib/gcc/arm-none-eabi/10.3.1/../../../../arm-none-eabi/lib/thumb/v7e-m+fp/hard\libc_nano.a(lib_a-memcpy-stub.o)
                0x00000000080050fc                memcpy
 .text.memset   0x0000000008005118       0x10 c:/st/stm32cubeide_1.9.0/stm32cubeide/plugins/com.st.stm32cube.ide.mcu.externaltools.gnu-tools-for-stm32.10.3-2021.10.win32_1.0.200.202301161003/tools/bin/../lib/gcc/arm-none-eabi/10.3.1/../../../../arm-none-eabi/lib/thumb/v7e-m+fp/hard\libc_nano.a(lib_a-memset.o)
                0x0000000008005118                memset
 .text._puts_r  0x0000000008005128       0xdc c:/st/stm32cubeide_1.9.0/stm32cubeide/plugins/com.st.stm32cube.ide.mcu.externaltools.gnu-tools-for-stm32.10.3-2021.10.win32_1.0.200.202301161003/tools/bin/../lib/gcc/arm-none-eabi/10.3.1/../../../../arm-none-eabi/lib/thumb/v7e-m+fp/hard\libc_nano.a(lib_a-puts.o)
                0x0000000008005128                _puts_r
 .text.puts     0x0000000008005204       0x10 c:/st/stm32cubeide_1.9.0/stm32cubeide/plugins/com.st.stm32cube.ide.mcu.externaltools.gnu-tools-for-stm32.10.3-2021.10.win32_1.0.200.202301161003/tools/bin/../lib/gcc/arm-none-eabi/10.3.1/../../../../arm-none-eabi/lib/thumb/v7e-m+fp/hard\libc_nano.a(lib_a-puts.o)
                0x0000000008005204                puts
 .text.__swbuf_r
                0x0000000008005214       0xa4 c:/st/stm32cubeide_1.9.0/stm32cubeide/plugins/com.st.stm32cube.ide.mcu.externaltools.gnu-tools-for-stm32.10.3-2021.10.win32_1.0.200.202301161003/tools/bin/../lib/gcc/arm-none-eabi/10.3.1/../../../../arm-none-eabi/lib/thumb/v7e-m+fp/hard\libc_nano.a(lib_a-wbuf.o)
                0x0000000008005214                __swbuf_r
 .text.__swsetup_r
                0x00000000080052b8       0xdc c:/st/stm32cubeide_1.9.0/stm32cubeide/plugins/com.st.stm32cube.ide.mcu.externaltools.gnu-tools-for-stm32.10.3-2021.10.win32_1.0.200.202301161003/tools/bin/../lib/gcc/arm-none-eabi/10.3.1/../../../../arm-none-eabi/lib/thumb/v7e-m+fp/hard\libc_nano.a(lib_a-wsetup.o)
                0x00000000080052b8                __swsetup_r
 .text.__sflush_r
                0x0000000008005394      0x10c c:/st/stm32cubeide_1.9.0/stm32cubeide/plugins/com.st.stm32cube.ide.mcu.externaltools.gnu-tools-for-stm32.10.3-2021.10.win32_1.0.200.202301161003/tools/bin/../lib/gcc/arm-none-eabi/10.3.1/../../../../arm-none-eabi/lib/thumb/v7e-m+fp/hard\libc_nano.a(lib_a-fflush.o)
                0x0000000008005394                __sflush_r
 .text._fflush_r
                0x00000000080054a0       0x78 c:/st/stm32cubeide_1.9.0/stm32cubeide/plugins/com.st.stm32cube.ide.mcu.externaltools.gnu-tools-for-stm32.10.3-2021.10.win32_1.0.200.202301161003/tools/bin/../lib/gcc/arm-none-eabi/10.3.1/../../../../arm-none-eabi/lib/thumb/v7e-m+fp/hard\libc_nano.a(lib_a-fflush.o)
                0x00000000080054a0                _fflush_r
 .text.std      0x0000000008005518       0x48 c:/st/stm32cubeide_1.9.0/stm32cubeide/plugins/com.st.stm32cube.ide.mcu.externaltools.gnu-tools-for-stm32.10.3-2021.10.win32_1.0.200.202301161003/tools/bin/../lib/gcc/arm-none-eabi/10.3.1/../../../../arm-none-eabi/lib/thumb/v7e-m+fp/hard\libc_nano.a(lib_a-findfp.o)
 .text._cleanup_r
                0x0000000008005560        0xc c:/st/stm32cubeide_1.9.0/stm32cubeide/plugins/com.st.stm32cube.ide.mcu.externaltools.gnu-tools-for-stm32.10.3-2021.10.win32_1.0.200.202301161003/tools/bin/../lib/gcc/arm-none-eabi/10.3.1/../../../../arm-none-eabi/lib/thumb/v7e-m+fp/hard\libc_nano.a(lib_a-findfp.o)
                0x0000000008005560                _cleanup_r
 .text.__sfmoreglue
                0x000000000800556c       0x2c c:/st/stm32cubeide_1.9.0/stm32cubeide/plugins/com.st.stm32cube.ide.mcu.externaltools.gnu-tools-for-stm32.10.3-2021.10.win32_1.0.200.202301161003/tools/bin/../lib/gcc/arm-none-eabi/10.3.1/../../../../arm-none-eabi/lib/thumb/v7e-m+fp/hard\libc_nano.a(lib_a-findfp.o)
                0x000000000800556c                __sfmoreglue
 .text.__sfp_lock_acquire
                0x0000000008005598        0xc c:/st/stm32cubeide_1.9.0/stm32cubeide/plugins/com.st.stm32cube.ide.mcu.externaltools.gnu-tools-for-stm32.10.3-2021.10.win32_1.0.200.202301161003/tools/bin/../lib/gcc/arm-none-eabi/10.3.1/../../../../arm-none-eabi/lib/thumb/v7e-m+fp/hard\libc_nano.a(lib_a-findfp.o)
                0x0000000008005598                __sfp_lock_acquire
 .text.__sfp_lock_release
                0x00000000080055a4        0xc c:/st/stm32cubeide_1.9.0/stm32cubeide/plugins/com.st.stm32cube.ide.mcu.externaltools.gnu-tools-for-stm32.10.3-2021.10.win32_1.0.200.202301161003/tools/bin/../lib/gcc/arm-none-eabi/10.3.1/../../../../arm-none-eabi/lib/thumb/v7e-m+fp/hard\libc_nano.a(lib_a-findfp.o)
                0x00000000080055a4                __sfp_lock_release
 .text.__sinit_lock_acquire
                0x00000000080055b0        0xc c:/st/stm32cubeide_1.9.0/stm32cubeide/plugins/com.st.stm32cube.ide.mcu.externaltools.gnu-tools-for-stm32.10.3-2021.10.win32_1.0.200.202301161003/tools/bin/../lib/gcc/arm-none-eabi/10.3.1/../../../../arm-none-eabi/lib/thumb/v7e-m+fp/hard\libc_nano.a(lib_a-findfp.o)
                0x00000000080055b0                __sinit_lock_acquire
 .text.__sinit_lock_release
                0x00000000080055bc        0xc c:/st/stm32cubeide_1.9.0/stm32cubeide/plugins/com.st.stm32cube.ide.mcu.externaltools.gnu-tools-for-stm32.10.3-2021.10.win32_1.0.200.202301161003/tools/bin/../lib/gcc/arm-none-eabi/10.3.1/../../../../arm-none-eabi/lib/thumb/v7e-m+fp/hard\libc_nano.a(lib_a-findfp.o)
                0x00000000080055bc                __sinit_lock_release
 .text.__sinit  0x00000000080055c8       0x70 c:/st/stm32cubeide_1.9.0/stm32cubeide/plugins/com.st.stm32cube.ide.mcu.externaltools.gnu-tools-for-stm32.10.3-2021.10.win32_1.0.200.202301161003/tools/bin/../lib/gcc/arm-none-eabi/10.3.1/../../../../arm-none-eabi/lib/thumb/v7e-m+fp/hard\libc_nano.a(lib_a-findfp.o)
                0x00000000080055c8                __sinit
 .text.__sfp    0x0000000008005638       0x8c c:/st/stm32cubeide_1.9.0/stm32cubeide/plugins/com.st.stm32cube.ide.mcu.externaltools.gnu-tools-for-stm32.10.3-2021.10.win32_1.0.200.202301161003/tools/bin/../lib/gcc/arm-none-eabi/10.3.1/../../../../arm-none-eabi/lib/thumb/v7e-m+fp/hard\libc_nano.a(lib_a-findfp.o)
                0x0000000008005638                __sfp
 .text._fwalk_reent
                0x00000000080056c4       0x3e c:/st/stm32cubeide_1.9.0/stm32cubeide/plugins/com.st.stm32cube.ide.mcu.externaltools.gnu-tools-for-stm32.10.3-2021.10.win32_1.0.200.202301161003/tools/bin/../lib/gcc/arm-none-eabi/10.3.1/../../../../arm-none-eabi/lib/thumb/v7e-m+fp/hard\libc_nano.a(lib_a-fwalk.o)
                0x00000000080056c4                _fwalk_reent
 .text.__retarget_lock_init_recursive
                0x0000000008005702        0x2 c:/st/stm32cubeide_1.9.0/stm32cubeide/plugins/com.st.stm32cube.ide.mcu.externaltools.gnu-tools-for-stm32.10.3-2021.10.win32_1.0.200.202301161003/tools/bin/../lib/gcc/arm-none-eabi/10.3.1/../../../../arm-none-eabi/lib/thumb/v7e-m+fp/hard\libc_nano.a(lib_a-lock.o)
                0x0000000008005702                __retarget_lock_init_recursive
 .text.__retarget_lock_acquire_recursive
                0x0000000008005704        0x2 c:/st/stm32cubeide_1.9.0/stm32cubeide/plugins/com.st.stm32cube.ide.mcu.externaltools.gnu-tools-for-stm32.10.3-2021.10.win32_1.0.200.202301161003/tools/bin/../lib/gcc/arm-none-eabi/10.3.1/../../../../arm-none-eabi/lib/thumb/v7e-m+fp/hard\libc_nano.a(lib_a-lock.o)
                0x0000000008005704                __retarget_lock_acquire_recursive
 .text.__retarget_lock_release_recursive
                0x0000000008005706        0x2 c:/st/stm32cubeide_1.9.0/stm32cubeide/plugins/com.st.stm32cube.ide.mcu.externaltools.gnu-tools-for-stm32.10.3-2021.10.win32_1.0.200.202301161003/tools/bin/../lib/gcc/arm-none-eabi/10.3.1/../../../../arm-none-eabi/lib/thumb/v7e-m+fp/hard\libc_nano.a(lib_a-lock.o)
                0x0000000008005706                __retarget_lock_release_recursive
 .text.__swhatbuf_r
                0x0000000008005708       0x4a c:/st/stm32cubeide_1.9.0/stm32cubeide/plugins/com.st.stm32cube.ide.mcu.externaltools.gnu-tools-for-stm32.10.3-2021.10.win32_1.0.200.202301161003/tools/bin/../lib/gcc/arm-none-eabi/10.3.1/../../../../arm-none-eabi/lib/thumb/v7e-m+fp/hard\libc_nano.a(lib_a-makebuf.o)
                0x0000000008005708                __swhatbuf_r
 *fill*         0x0000000008005752        0x2 
 .text.__smakebuf_r
                0x0000000008005754       0x80 c:/st/stm32cubeide_1.9.0/stm32cubeide/plugins/com.st.stm32cube.ide.mcu.externaltools.gnu-tools-for-stm32.10.3-2021.10.win32_1.0.200.202301161003/tools/bin/../lib/gcc/arm-none-eabi/10.3.1/../../../../arm-none-eabi/lib/thumb/v7e-m+fp/hard\libc_nano.a(lib_a-makebuf.o)
                0x0000000008005754                __smakebuf_r
 .text._free_r  0x00000000080057d4       0x98 c:/st/stm32cubeide_1.9.0/stm32cubeide/plugins/com.st.stm32cube.ide.mcu.externaltools.gnu-tools-for-stm32.10.3-2021.10.win32_1.0.200.202301161003/tools/bin/../lib/gcc/arm-none-eabi/10.3.1/../../../../arm-none-eabi/lib/thumb/v7e-m+fp/hard\libc_nano.a(lib_a-nano-freer.o)
                0x00000000080057d4                _free_r
 .text.sbrk_aligned
                0x000000000800586c       0x40 c:/st/stm32cubeide_1.9.0/stm32cubeide/plugins/com.st.stm32cube.ide.mcu.externaltools.gnu-tools-for-stm32.10.3-2021.10.win32_1.0.200.202301161003/tools/bin/../lib/gcc/arm-none-eabi/10.3.1/../../../../arm-none-eabi/lib/thumb/v7e-m+fp/hard\libc_nano.a(lib_a-nano-mallocr.o)
 .text._malloc_r
                0x00000000080058ac       0xe8 c:/st/stm32cubeide_1.9.0/stm32cubeide/plugins/com.st.stm32cube.ide.mcu.externaltools.gnu-tools-for-stm32.10.3-2021.10.win32_1.0.200.202301161003/tools/bin/../lib/gcc/arm-none-eabi/10.3.1/../../../../arm-none-eabi/lib/thumb/v7e-m+fp/hard\libc_nano.a(lib_a-nano-mallocr.o)
                0x00000000080058ac                _malloc_r
 .text._sbrk_r  0x0000000008005994       0x20 c:/st/stm32cubeide_1.9.0/stm32cubeide/plugins/com.st.stm32cube.ide.mcu.externaltools.gnu-tools-for-stm32.10.3-2021.10.win32_1.0.200.202301161003/tools/bin/../lib/gcc/arm-none-eabi/10.3.1/../../../../arm-none-eabi/lib/thumb/v7e-m+fp/hard\libc_nano.a(lib_a-sbrkr.o)
                0x0000000008005994                _sbrk_r
 .text.__sread  0x00000000080059b4       0x22 c:/st/stm32cubeide_1.9.0/stm32cubeide/plugins/com.st.stm32cube.ide.mcu.externaltools.gnu-tools-for-stm32.10.3-2021.10.win32_1.0.200.202301161003/tools/bin/../lib/gcc/arm-none-eabi/10.3.1/../../../../arm-none-eabi/lib/thumb/v7e-m+fp/hard\libc_nano.a(lib_a-stdio.o)
                0x00000000080059b4                __sread
 .text.__swrite
                0x00000000080059d6       0x38 c:/st/stm32cubeide_1.9.0/stm32cubeide/plugins/com.st.stm32cube.ide.mcu.externaltools.gnu-tools-for-stm32.10.3-2021.10.win32_1.0.200.202301161003/tools/bin/../lib/gcc/arm-none-eabi/10.3.1/../../../../arm-none-eabi/lib/thumb/v7e-m+fp/hard\libc_nano.a(lib_a-stdio.o)
                0x00000000080059d6                __swrite
 .text.__sseek  0x0000000008005a0e       0x24 c:/st/stm32cubeide_1.9.0/stm32cubeide/plugins/com.st.stm32cube.ide.mcu.externaltools.gnu-tools-for-stm32.10.3-2021.10.win32_1.0.200.202301161003/tools/bin/../lib/gcc/arm-none-eabi/10.3.1/../../../../arm-none-eabi/lib/thumb/v7e-m+fp/hard\libc_nano.a(lib_a-stdio.o)
                0x0000000008005a0e                __sseek
 .text.__sclose
                0x0000000008005a32        0x8 c:/st/stm32cubeide_1.9.0/stm32cubeide/plugins/com.st.stm32cube.ide.mcu.externaltools.gnu-tools-for-stm32.10.3-2021.10.win32_1.0.200.202301161003/tools/bin/../lib/gcc/arm-none-eabi/10.3.1/../../../../arm-none-eabi/lib/thumb/v7e-m+fp/hard\libc_nano.a(lib_a-stdio.o)
                0x0000000008005a32                __sclose
 *fill*         0x0000000008005a3a        0x2 
 .text._write_r
                0x0000000008005a3c       0x24 c:/st/stm32cubeide_1.9.0/stm32cubeide/plugins/com.st.stm32cube.ide.mcu.externaltools.gnu-tools-for-stm32.10.3-2021.10.win32_1.0.200.202301161003/tools/bin/../lib/gcc/arm-none-eabi/10.3.1/../../../../arm-none-eabi/lib/thumb/v7e-m+fp/hard\libc_nano.a(lib_a-writer.o)
                0x0000000008005a3c                _write_r
 .text._close_r
                0x0000000008005a60       0x20 c:/st/stm32cubeide_1.9.0/stm32cubeide/plugins/com.st.stm32cube.ide.mcu.externaltools.gnu-tools-for-stm32.10.3-2021.10.win32_1.0.200.202301161003/tools/bin/../lib/gcc/arm-none-eabi/10.3.1/../../../../arm-none-eabi/lib/thumb/v7e-m+fp/hard\libc_nano.a(lib_a-closer.o)
                0x0000000008005a60                _close_r
 .text._fstat_r
                0x0000000008005a80       0x24 c:/st/stm32cubeide_1.9.0/stm32cubeide/plugins/com.st.stm32cube.ide.mcu.externaltools.gnu-tools-for-stm32.10.3-2021.10.win32_1.0.200.202301161003/tools/bin/../lib/gcc/arm-none-eabi/10.3.1/../../../../arm-none-eabi/lib/thumb/v7e-m+fp/hard\libc_nano.a(lib_a-fstatr.o)
                0x0000000008005a80                _fstat_r
 .text._isatty_r
                0x0000000008005aa4       0x20 c:/st/stm32cubeide_1.9.0/stm32cubeide/plugins/com.st.stm32cube.ide.mcu.externaltools.gnu-tools-for-stm32.10.3-2021.10.win32_1.0.200.202301161003/tools/bin/../lib/gcc/arm-none-eabi/10.3.1/../../../../arm-none-eabi/lib/thumb/v7e-m+fp/hard\libc_nano.a(lib_a-isattyr.o)
                0x0000000008005aa4                _isatty_r
 .text._lseek_r
                0x0000000008005ac4       0x24 c:/st/stm32cubeide_1.9.0/stm32cubeide/plugins/com.st.stm32cube.ide.mcu.externaltools.gnu-tools-for-stm32.10.3-2021.10.win32_1.0.200.202301161003/tools/bin/../lib/gcc/arm-none-eabi/10.3.1/../../../../arm-none-eabi/lib/thumb/v7e-m+fp/hard\libc_nano.a(lib_a-lseekr.o)
                0x0000000008005ac4                _lseek_r
 .text.__malloc_lock
                0x0000000008005ae8        0xc c:/st/stm32cubeide_1.9.0/stm32cubeide/plugins/com.st.stm32cube.ide.mcu.externaltools.gnu-tools-for-stm32.10.3-2021.10.win32_1.0.200.202301161003/tools/bin/../lib/gcc/arm-none-eabi/10.3.1/../../../../arm-none-eabi/lib/thumb/v7e-m+fp/hard\libc_nano.a(lib_a-mlock.o)
                0x0000000008005ae8                __malloc_lock
 .text.__malloc_unlock
                0x0000000008005af4        0xc c:/st/stm32cubeide_1.9.0/stm32cubeide/plugins/com.st.stm32cube.ide.mcu.externaltools.gnu-tools-for-stm32.10.3-2021.10.win32_1.0.200.202301161003/tools/bin/../lib/gcc/arm-none-eabi/10.3.1/../../../../arm-none-eabi/lib/thumb/v7e-m+fp/hard\libc_nano.a(lib_a-mlock.o)
                0x0000000008005af4                __malloc_unlock
 .text._read_r  0x0000000008005b00       0x24 c:/st/stm32cubeide_1.9.0/stm32cubeide/plugins/com.st.stm32cube.ide.mcu.externaltools.gnu-tools-for-stm32.10.3-2021.10.win32_1.0.200.202301161003/tools/bin/../lib/gcc/arm-none-eabi/10.3.1/../../../../arm-none-eabi/lib/thumb/v7e-m+fp/hard\libc_nano.a(lib_a-readr.o)
                0x0000000008005b00                _read_r
 .text._sbrk    0x0000000008005b24       0x1c c:/st/stm32cubeide_1.9.0/stm32cubeide/plugins/com.st.stm32cube.ide.mcu.externaltools.gnu-tools-for-stm32.10.3-2021.10.win32_1.0.200.202301161003/tools/bin/../lib/gcc/arm-none-eabi/10.3.1/../../../../arm-none-eabi/lib/thumb/v7e-m+fp/hard\libnosys.a(sbrk.o)
                0x0000000008005b24                _sbrk
 *(.glue_7)
 .glue_7        0x0000000008005b40        0x0 linker stubs
 *(.glue_7t)
 .glue_7t       0x0000000008005b40        0x0 linker stubs
 *(.eh_frame)
 .eh_frame      0x0000000008005b40        0x0 c:/st/stm32cubeide_1.9.0/stm32cubeide/plugins/com.st.stm32cube.ide.mcu.externaltools.gnu-tools-for-stm32.10.3-2021.10.win32_1.0.200.202301161003/tools/bin/../lib/gcc/arm-none-eabi/10.3.1/thumb/v7e-m+fp/hard/crtbegin.o
 *(.init)
 .init          0x0000000008005b40        0x4 c:/st/stm32cubeide_1.9.0/stm32cubeide/plugins/com.st.stm32cube.ide.mcu.externaltools.gnu-tools-for-stm32.10.3-2021.10.win32_1.0.200.202301161003/tools/bin/../lib/gcc/arm-none-eabi/10.3.1/thumb/v7e-m+fp/hard/crti.o
                0x0000000008005b40                _init
 .init          0x0000000008005b44        0x8 c:/st/stm32cubeide_1.9.0/stm32cubeide/plugins/com.st.stm32cube.ide.mcu.externaltools.gnu-tools-for-stm32.10.3-2021.10.win32_1.0.200.202301161003/tools/bin/../lib/gcc/arm-none-eabi/10.3.1/thumb/v7e-m+fp/hard/crtn.o
 *(.fini)
 .fini          0x0000000008005b4c        0x4 c:/st/stm32cubeide_1.9.0/stm32cubeide/plugins/com.st.stm32cube.ide.mcu.externaltools.gnu-tools-for-stm32.10.3-2021.10.win32_1.0.200.202301161003/tools/bin/../lib/gcc/arm-none-eabi/10.3.1/thumb/v7e-m+fp/hard/crti.o
                0x0000000008005b4c                _fini
 .fini          0x0000000008005b50        0x8 c:/st/stm32cubeide_1.9.0/stm32cubeide/plugins/com.st.stm32cube.ide.mcu.externaltools.gnu-tools-for-stm32.10.3-2021.10.win32_1.0.200.202301161003/tools/bin/../lib/gcc/arm-none-eabi/10.3.1/thumb/v7e-m+fp/hard/crtn.o
                0x0000000008005b58                . = ALIGN (0x4)
                0x0000000008005b58                _etext = .

.vfp11_veneer   0x0000000008005b58        0x0
 .vfp11_veneer  0x0000000008005b58        0x0 linker stubs

.v4_bx          0x0000000008005b58        0x0
 .v4_bx         0x0000000008005b58        0x0 linker stubs

.iplt           0x0000000008005b58        0x0
 .iplt          0x0000000008005b58        0x0 c:/st/stm32cubeide_1.9.0/stm32cubeide/plugins/com.st.stm32cube.ide.mcu.externaltools.gnu-tools-for-stm32.10.3-2021.10.win32_1.0.200.202301161003/tools/bin/../lib/gcc/arm-none-eabi/10.3.1/thumb/v7e-m+fp/hard/crtbegin.o

.rodata         0x0000000008005b58       0xec
                0x0000000008005b58                . = ALIGN (0x4)
 *(.rodata)
 .rodata        0x0000000008005b58       0x37 ./Core/Src/main.o
 *fill*         0x0000000008005b8f        0x1 
 .rodata        0x0000000008005b90        0x5 ./FreeRTOS-Kernel/tasks.o
 *fill*         0x0000000008005b95        0x3 
 .rodata        0x0000000008005b98        0xd ./FreeRTOS-Kernel/timers.o
 *(.rodata*)
 *fill*         0x0000000008005ba5        0x3 
 .rodata.AHBPrescTable
                0x0000000008005ba8       0x10 ./Core/Src/system_stm32f3xx.o
                0x0000000008005ba8                AHBPrescTable
 .rodata.APBPrescTable
                0x0000000008005bb8        0x8 ./Core/Src/system_stm32f3xx.o
                0x0000000008005bb8                APBPrescTable
 .rodata.aPLLMULFactorTable
                0x0000000008005bc0       0x10 ./Drivers/STM32F3xx_HAL_Driver/Src/stm32f3xx_hal_rcc.o
 .rodata.aPredivFactorTable
                0x0000000008005bd0       0x10 ./Drivers/STM32F3xx_HAL_Driver/Src/stm32f3xx_hal_rcc.o
 .rodata._global_impure_ptr
                0x0000000008005be0        0x4 c:/st/stm32cubeide_1.9.0/stm32cubeide/plugins/com.st.stm32cube.ide.mcu.externaltools.gnu-tools-for-stm32.10.3-2021.10.win32_1.0.200.202301161003/tools/bin/../lib/gcc/arm-none-eabi/10.3.1/../../../../arm-none-eabi/lib/thumb/v7e-m+fp/hard\libc_nano.a(lib_a-impure.o)
                0x0000000008005be0                _global_impure_ptr
 .rodata.__sf_fake_stderr
                0x0000000008005be4       0x20 c:/st/stm32cubeide_1.9.0/stm32cubeide/plugins/com.st.stm32cube.ide.mcu.externaltools.gnu-tools-for-stm32.10.3-2021.10.win32_1.0.200.202301161003/tools/bin/../lib/gcc/arm-none-eabi/10.3.1/../../../../arm-none-eabi/lib/thumb/v7e-m+fp/hard\libc_nano.a(lib_a-findfp.o)
                0x0000000008005be4                __sf_fake_stderr
 .rodata.__sf_fake_stdin
                0x0000000008005c04       0x20 c:/st/stm32cubeide_1.9.0/stm32cubeide/plugins/com.st.stm32cube.ide.mcu.externaltools.gnu-tools-for-stm32.10.3-2021.10.win32_1.0.200.202301161003/tools/bin/../lib/gcc/arm-none-eabi/10.3.1/../../../../arm-none-eabi/lib/thumb/v7e-m+fp/hard\libc_nano.a(lib_a-findfp.o)
                0x0000000008005c04                __sf_fake_stdin
 .rodata.__sf_fake_stdout
                0x0000000008005c24       0x20 c:/st/stm32cubeide_1.9.0/stm32cubeide/plugins/com.st.stm32cube.ide.mcu.externaltools.gnu-tools-for-stm32.10.3-2021.10.win32_1.0.200.202301161003/tools/bin/../lib/gcc/arm-none-eabi/10.3.1/../../../../arm-none-eabi/lib/thumb/v7e-m+fp/hard\libc_nano.a(lib_a-findfp.o)
                0x0000000008005c24                __sf_fake_stdout
                0x0000000008005c44                . = ALIGN (0x4)

.rel.dyn        0x0000000008005c44        0x0
 .rel.iplt      0x0000000008005c44        0x0 c:/st/stm32cubeide_1.9.0/stm32cubeide/plugins/com.st.stm32cube.ide.mcu.externaltools.gnu-tools-for-stm32.10.3-2021.10.win32_1.0.200.202301161003/tools/bin/../lib/gcc/arm-none-eabi/10.3.1/thumb/v7e-m+fp/hard/crtbegin.o

.ARM.extab      0x0000000008005c44        0x0
                0x0000000008005c44                . = ALIGN (0x4)
 *(.ARM.extab* .gnu.linkonce.armextab.*)
                0x0000000008005c44                . = ALIGN (0x4)

.ARM            0x0000000008005c44        0x0
                0x0000000008005c44                . = ALIGN (0x4)
                0x0000000008005c44                __exidx_start = .
 *(.ARM.exidx*)
                0x0000000008005c44                __exidx_end = .
                0x0000000008005c44                . = ALIGN (0x4)

.preinit_array  0x0000000008005c44        0x0
                0x0000000008005c44                . = ALIGN (0x4)
                0x0000000008005c44                PROVIDE (__preinit_array_start = .)
 *(.preinit_array*)
                0x0000000008005c44                PROVIDE (__preinit_array_end = .)
                0x0000000008005c44                . = ALIGN (0x4)

.init_array     0x0000000008005c44        0x4
                0x0000000008005c44                . = ALIGN (0x4)
                0x0000000008005c44                PROVIDE (__init_array_start = .)
 *(SORT_BY_NAME(.init_array.*))
 *(.init_array*)
 .init_array    0x0000000008005c44        0x4 c:/st/stm32cubeide_1.9.0/stm32cubeide/plugins/com.st.stm32cube.ide.mcu.externaltools.gnu-tools-for-stm32.10.3-2021.10.win32_1.0.200.202301161003/tools/bin/../lib/gcc/arm-none-eabi/10.3.1/thumb/v7e-m+fp/hard/crtbegin.o
                0x0000000008005c48                PROVIDE (__init_array_end = .)
                0x0000000008005c48                . = ALIGN (0x4)

.fini_array     0x0000000008005c48        0x4
                0x0000000008005c48                . = ALIGN (0x4)
                [!provide]                        PROVIDE (__fini_array_start = .)
 *(SORT_BY_NAME(.fini_array.*))
 *(.fini_array*)
 .fini_array    0x0000000008005c48        0x4 c:/st/stm32cubeide_1.9.0/stm32cubeide/plugins/com.st.stm32cube.ide.mcu.externaltools.gnu-tools-for-stm32.10.3-2021.10.win32_1.0.200.202301161003/tools/bin/../lib/gcc/arm-none-eabi/10.3.1/thumb/v7e-m+fp/hard/crtbegin.o
                [!provide]                        PROVIDE (__fini_array_end = .)
                0x0000000008005c4c                . = ALIGN (0x4)
                0x0000000008005c4c                _sidata = LOADADDR (.data)

.data           0x0000000020000000       0x78 load address 0x0000000008005c4c
                0x0000000020000000                . = ALIGN (0x4)
                0x0000000020000000                _sdata = .
 *(.data)
 *(.data*)
 .data.SystemCoreClock
                0x0000000020000000        0x4 ./Core/Src/system_stm32f3xx.o
                0x0000000020000000                SystemCoreClock
 .data.uwTickPrio
                0x0000000020000004        0x4 ./Drivers/STM32F3xx_HAL_Driver/Src/stm32f3xx_hal.o
                0x0000000020000004                uwTickPrio
 .data.uwTickFreq
                0x0000000020000008        0x1 ./Drivers/STM32F3xx_HAL_Driver/Src/stm32f3xx_hal.o
                0x0000000020000008                uwTickFreq
 *fill*         0x0000000020000009        0x3 
 .data.uxTopUsedPriority
                0x000000002000000c        0x4 ./FreeRTOS-Kernel/tasks.o
                0x000000002000000c                uxTopUsedPriority
 .data.uxCriticalNesting
                0x0000000020000010        0x4 ./FreeRTOS-Kernel/portable/GCC/ARM_CM4F/port.o
 .data._impure_ptr
                0x0000000020000014        0x4 c:/st/stm32cubeide_1.9.0/stm32cubeide/plugins/com.st.stm32cube.ide.mcu.externaltools.gnu-tools-for-stm32.10.3-2021.10.win32_1.0.200.202301161003/tools/bin/../lib/gcc/arm-none-eabi/10.3.1/../../../../arm-none-eabi/lib/thumb/v7e-m+fp/hard\libc_nano.a(lib_a-impure.o)
                0x0000000020000014                _impure_ptr
 .data.impure_data
                0x0000000020000018       0x60 c:/st/stm32cubeide_1.9.0/stm32cubeide/plugins/com.st.stm32cube.ide.mcu.externaltools.gnu-tools-for-stm32.10.3-2021.10.win32_1.0.200.202301161003/tools/bin/../lib/gcc/arm-none-eabi/10.3.1/../../../../arm-none-eabi/lib/thumb/v7e-m+fp/hard\libc_nano.a(lib_a-impure.o)
 *(.RamFunc)
 *(.RamFunc*)
                0x0000000020000078                . = ALIGN (0x4)
                0x0000000020000078                _edata = .
                0x0000000008005cc4                _siccmram = LOADADDR (.ccmram)

.igot.plt       0x0000000020000078        0x0 load address 0x0000000008005cc4
 .igot.plt      0x0000000020000078        0x0 c:/st/stm32cubeide_1.9.0/stm32cubeide/plugins/com.st.stm32cube.ide.mcu.externaltools.gnu-tools-for-stm32.10.3-2021.10.win32_1.0.200.202301161003/tools/bin/../lib/gcc/arm-none-eabi/10.3.1/thumb/v7e-m+fp/hard/crtbegin.o

.ccmram         0x0000000010000000        0x0 load address 0x0000000008005cc4
                0x0000000010000000                . = ALIGN (0x4)
                0x0000000010000000                _sccmram = .
 *(.ccmram)
 *(.ccmram*)
                0x0000000010000000                . = ALIGN (0x4)
                0x0000000010000000                _eccmram = .
                0x0000000010000000                . = ALIGN (0x4)

.bss            0x0000000020000078     0x1b90
                0x0000000020000078                _sbss = .
                0x0000000020000078                __bss_start__ = _sbss
 *(.bss)
 .bss           0x0000000020000078       0x1c c:/st/stm32cubeide_1.9.0/stm32cubeide/plugins/com.st.stm32cube.ide.mcu.externaltools.gnu-tools-for-stm32.10.3-2021.10.win32_1.0.200.202301161003/tools/bin/../lib/gcc/arm-none-eabi/10.3.1/thumb/v7e-m+fp/hard/crtbegin.o
 *(.bss*)
 .bss.oneshottimer
                0x0000000020000094        0x4 ./Core/Src/main.o
                0x0000000020000094                oneshottimer
 .bss.autoreloadtimer
                0x0000000020000098        0x4 ./Core/Src/main.o
                0x0000000020000098                autoreloadtimer
 .bss.htim6     0x000000002000009c       0x4c ./Core/Src/stm32f3xx_hal_timebase_tim.o
                0x000000002000009c                htim6
 .bss.uwTick    0x00000000200000e8        0x4 ./Drivers/STM32F3xx_HAL_Driver/Src/stm32f3xx_hal.o
                0x00000000200000e8                uwTick
 .bss.xQueueRegistry
                0x00000000200000ec       0x40 ./FreeRTOS-Kernel/queue.o
                0x00000000200000ec                xQueueRegistry
 .bss.pxCurrentTCB
                0x000000002000012c        0x4 ./FreeRTOS-Kernel/tasks.o
                0x000000002000012c                pxCurrentTCB
 .bss.pxReadyTasksLists
                0x0000000020000130       0x64 ./FreeRTOS-Kernel/tasks.o
 .bss.xDelayedTaskList1
                0x0000000020000194       0x14 ./FreeRTOS-Kernel/tasks.o
 .bss.xDelayedTaskList2
                0x00000000200001a8       0x14 ./FreeRTOS-Kernel/tasks.o
 .bss.pxDelayedTaskList
                0x00000000200001bc        0x4 ./FreeRTOS-Kernel/tasks.o
 .bss.pxOverflowDelayedTaskList
                0x00000000200001c0        0x4 ./FreeRTOS-Kernel/tasks.o
 .bss.xPendingReadyList
                0x00000000200001c4       0x14 ./FreeRTOS-Kernel/tasks.o
 .bss.xTasksWaitingTermination
                0x00000000200001d8       0x14 ./FreeRTOS-Kernel/tasks.o
 .bss.uxDeletedTasksWaitingCleanUp
                0x00000000200001ec        0x4 ./FreeRTOS-Kernel/tasks.o
 .bss.xSuspendedTaskList
                0x00000000200001f0       0x14 ./FreeRTOS-Kernel/tasks.o
 .bss.uxCurrentNumberOfTasks
                0x0000000020000204        0x4 ./FreeRTOS-Kernel/tasks.o
 .bss.xTickCount
                0x0000000020000208        0x4 ./FreeRTOS-Kernel/tasks.o
 .bss.uxTopReadyPriority
                0x000000002000020c        0x4 ./FreeRTOS-Kernel/tasks.o
 .bss.xSchedulerRunning
                0x0000000020000210        0x4 ./FreeRTOS-Kernel/tasks.o
 .bss.xPendedTicks
                0x0000000020000214        0x4 ./FreeRTOS-Kernel/tasks.o
 .bss.xYieldPending
                0x0000000020000218        0x4 ./FreeRTOS-Kernel/tasks.o
 .bss.xNumOfOverflows
                0x000000002000021c        0x4 ./FreeRTOS-Kernel/tasks.o
 .bss.uxTaskNumber
                0x0000000020000220        0x4 ./FreeRTOS-Kernel/tasks.o
 .bss.xNextTaskUnblockTime
                0x0000000020000224        0x4 ./FreeRTOS-Kernel/tasks.o
 .bss.xIdleTaskHandle
                0x0000000020000228        0x4 ./FreeRTOS-Kernel/tasks.o
 .bss.uxSchedulerSuspended
                0x000000002000022c        0x4 ./FreeRTOS-Kernel/tasks.o
 .bss.xActiveTimerList1
                0x0000000020000230       0x14 ./FreeRTOS-Kernel/timers.o
 .bss.xActiveTimerList2
                0x0000000020000244       0x14 ./FreeRTOS-Kernel/timers.o
 .bss.pxCurrentTimerList
                0x0000000020000258        0x4 ./FreeRTOS-Kernel/timers.o
 .bss.pxOverflowTimerList
                0x000000002000025c        0x4 ./FreeRTOS-Kernel/timers.o
 .bss.xTimerQueue
                0x0000000020000260        0x4 ./FreeRTOS-Kernel/timers.o
 .bss.xTimerTaskHandle
                0x0000000020000264        0x4 ./FreeRTOS-Kernel/timers.o
 .bss.xLastTime.0
                0x0000000020000268        0x4 ./FreeRTOS-Kernel/timers.o
 .bss.ucMaxSysCallPriority
                0x000000002000026c        0x1 ./FreeRTOS-Kernel/portable/GCC/ARM_CM4F/port.o
 *fill*         0x000000002000026d        0x3 
 .bss.ulMaxPRIGROUPValue
                0x0000000020000270        0x4 ./FreeRTOS-Kernel/portable/GCC/ARM_CM4F/port.o
 .bss.ucHeap    0x0000000020000274     0x1964 ./FreeRTOS-Kernel/portable/MemMang/heap_4.o
 .bss.xStart    0x0000000020001bd8        0x8 ./FreeRTOS-Kernel/portable/MemMang/heap_4.o
 .bss.pxEnd     0x0000000020001be0        0x4 ./FreeRTOS-Kernel/portable/MemMang/heap_4.o
 .bss.xFreeBytesRemaining
                0x0000000020001be4        0x4 ./FreeRTOS-Kernel/portable/MemMang/heap_4.o
 .bss.xMinimumEverFreeBytesRemaining
                0x0000000020001be8        0x4 ./FreeRTOS-Kernel/portable/MemMang/heap_4.o
 .bss.xNumberOfSuccessfulAllocations
                0x0000000020001bec        0x4 ./FreeRTOS-Kernel/portable/MemMang/heap_4.o
 .bss.xNumberOfSuccessfulFrees
                0x0000000020001bf0        0x4 ./FreeRTOS-Kernel/portable/MemMang/heap_4.o
 .bss.__lock___malloc_recursive_mutex
                0x0000000020001bf4        0x1 c:/st/stm32cubeide_1.9.0/stm32cubeide/plugins/com.st.stm32cube.ide.mcu.externaltools.gnu-tools-for-stm32.10.3-2021.10.win32_1.0.200.202301161003/tools/bin/../lib/gcc/arm-none-eabi/10.3.1/../../../../arm-none-eabi/lib/thumb/v7e-m+fp/hard\libc_nano.a(lib_a-lock.o)
                0x0000000020001bf4                __lock___malloc_recursive_mutex
 .bss.__lock___sfp_recursive_mutex
                0x0000000020001bf5        0x1 c:/st/stm32cubeide_1.9.0/stm32cubeide/plugins/com.st.stm32cube.ide.mcu.externaltools.gnu-tools-for-stm32.10.3-2021.10.win32_1.0.200.202301161003/tools/bin/../lib/gcc/arm-none-eabi/10.3.1/../../../../arm-none-eabi/lib/thumb/v7e-m+fp/hard\libc_nano.a(lib_a-lock.o)
                0x0000000020001bf5                __lock___sfp_recursive_mutex
 .bss.__lock___sinit_recursive_mutex
                0x0000000020001bf6        0x1 c:/st/stm32cubeide_1.9.0/stm32cubeide/plugins/com.st.stm32cube.ide.mcu.externaltools.gnu-tools-for-stm32.10.3-2021.10.win32_1.0.200.202301161003/tools/bin/../lib/gcc/arm-none-eabi/10.3.1/../../../../arm-none-eabi/lib/thumb/v7e-m+fp/hard\libc_nano.a(lib_a-lock.o)
                0x0000000020001bf6                __lock___sinit_recursive_mutex
 *fill*         0x0000000020001bf7        0x1 
 .bss.__malloc_free_list
                0x0000000020001bf8        0x4 c:/st/stm32cubeide_1.9.0/stm32cubeide/plugins/com.st.stm32cube.ide.mcu.externaltools.gnu-tools-for-stm32.10.3-2021.10.win32_1.0.200.202301161003/tools/bin/../lib/gcc/arm-none-eabi/10.3.1/../../../../arm-none-eabi/lib/thumb/v7e-m+fp/hard\libc_nano.a(lib_a-nano-mallocr.o)
                0x0000000020001bf8                __malloc_free_list
 .bss.__malloc_sbrk_start
                0x0000000020001bfc        0x4 c:/st/stm32cubeide_1.9.0/stm32cubeide/plugins/com.st.stm32cube.ide.mcu.externaltools.gnu-tools-for-stm32.10.3-2021.10.win32_1.0.200.202301161003/tools/bin/../lib/gcc/arm-none-eabi/10.3.1/../../../../arm-none-eabi/lib/thumb/v7e-m+fp/hard\libc_nano.a(lib_a-nano-mallocr.o)
                0x0000000020001bfc                __malloc_sbrk_start
 .bss.errno     0x0000000020001c00        0x4 c:/st/stm32cubeide_1.9.0/stm32cubeide/plugins/com.st.stm32cube.ide.mcu.externaltools.gnu-tools-for-stm32.10.3-2021.10.win32_1.0.200.202301161003/tools/bin/../lib/gcc/arm-none-eabi/10.3.1/../../../../arm-none-eabi/lib/thumb/v7e-m+fp/hard\libc_nano.a(lib_a-reent.o)
                0x0000000020001c00                errno
 .bss.heap_end.0
                0x0000000020001c04        0x4 c:/st/stm32cubeide_1.9.0/stm32cubeide/plugins/com.st.stm32cube.ide.mcu.externaltools.gnu-tools-for-stm32.10.3-2021.10.win32_1.0.200.202301161003/tools/bin/../lib/gcc/arm-none-eabi/10.3.1/../../../../arm-none-eabi/lib/thumb/v7e-m+fp/hard\libnosys.a(sbrk.o)
 *(COMMON)
                0x0000000020001c08                . = ALIGN (0x4)
                0x0000000020001c08                _ebss = .
                0x0000000020001c08                __bss_end__ = _ebss

._user_heap_stack
                0x0000000020001c08      0x600
                0x0000000020001c08                . = ALIGN (0x8)
                0x0000000020001c08                PROVIDE (end = .)
                [!provide]                        PROVIDE (_end = .)
                0x0000000020001e08                . = (. + _Min_Heap_Size)
 *fill*         0x0000000020001c08      0x200 
                0x0000000020002208                . = (. + _Min_Stack_Size)
 *fill*         0x0000000020001e08      0x400 
                0x0000000020002208                . = ALIGN (0x8)

/DISCARD/
 libc.a(*)
 libm.a(*)
 libgcc.a(*)

.ARM.attributes
                0x0000000000000000       0x30
 *(.ARM.attributes)
 .ARM.attributes
                0x0000000000000000       0x1e c:/st/stm32cubeide_1.9.0/stm32cubeide/plugins/com.st.stm32cube.ide.mcu.externaltools.gnu-tools-for-stm32.10.3-2021.10.win32_1.0.200.202301161003/tools/bin/../lib/gcc/arm-none-eabi/10.3.1/thumb/v7e-m+fp/hard/crti.o
 .ARM.attributes
                0x000000000000001e       0x34 c:/st/stm32cubeide_1.9.0/stm32cubeide/plugins/com.st.stm32cube.ide.mcu.externaltools.gnu-tools-for-stm32.10.3-2021.10.win32_1.0.200.202301161003/tools/bin/../lib/gcc/arm-none-eabi/10.3.1/thumb/v7e-m+fp/hard/crtbegin.o
 .ARM.attributes
                0x0000000000000052       0x34 ./Core/Src/main.o
 .ARM.attributes
                0x0000000000000086       0x34 ./Core/Src/stm32f3xx_hal_msp.o
 .ARM.attributes
                0x00000000000000ba       0x34 ./Core/Src/stm32f3xx_hal_timebase_tim.o
 .ARM.attributes
                0x00000000000000ee       0x34 ./Core/Src/stm32f3xx_it.o
 .ARM.attributes
                0x0000000000000122       0x34 ./Core/Src/syscalls.o
 .ARM.attributes
                0x0000000000000156       0x34 ./Core/Src/system_stm32f3xx.o
 .ARM.attributes
                0x000000000000018a       0x21 ./Core/Startup/startup_stm32f334r8tx.o
 .ARM.attributes
                0x00000000000001ab       0x34 ./Drivers/STM32F3xx_HAL_Driver/Src/stm32f3xx_hal.o
 .ARM.attributes
                0x00000000000001df       0x34 ./Drivers/STM32F3xx_HAL_Driver/Src/stm32f3xx_hal_cortex.o
 .ARM.attributes
                0x0000000000000213       0x34 ./Drivers/STM32F3xx_HAL_Driver/Src/stm32f3xx_hal_gpio.o
 .ARM.attributes
                0x0000000000000247       0x34 ./Drivers/STM32F3xx_HAL_Driver/Src/stm32f3xx_hal_rcc.o
 .ARM.attributes
                0x000000000000027b       0x34 ./Drivers/STM32F3xx_HAL_Driver/Src/stm32f3xx_hal_tim.o
 .ARM.attributes
                0x00000000000002af       0x34 ./Drivers/STM32F3xx_HAL_Driver/Src/stm32f3xx_hal_tim_ex.o
 .ARM.attributes
                0x00000000000002e3       0x34 ./FreeRTOS-Kernel/list.o
 .ARM.attributes
                0x0000000000000317       0x34 ./FreeRTOS-Kernel/queue.o
 .ARM.attributes
                0x000000000000034b       0x34 ./FreeRTOS-Kernel/tasks.o
 .ARM.attributes
                0x000000000000037f       0x34 ./FreeRTOS-Kernel/timers.o
 .ARM.attributes
                0x00000000000003b3       0x34 ./FreeRTOS-Kernel/portable/GCC/ARM_CM4F/port.o
 .ARM.attributes
                0x00000000000003e7       0x34 ./FreeRTOS-Kernel/portable/MemMang/heap_4.o
 .ARM.attributes
                0x000000000000041b       0x34 c:/st/stm32cubeide_1.9.0/stm32cubeide/plugins/com.st.stm32cube.ide.mcu.externaltools.gnu-tools-for-stm32.10.3-2021.10.win32_1.0.200.202301161003/tools/bin/../lib/gcc/arm-none-eabi/10.3.1/../../../../arm-none-eabi/lib/thumb/v7e-m+fp/hard\libc_nano.a(lib_a-impure.o)
 .ARM.attributes
                0x000000000000044f       0x34 c:/st/stm32cubeide_1.9.0/stm32cubeide/plugins/com.st.stm32cube.ide.mcu.externaltools.gnu-tools-for-stm32.10.3-2021.10.win32_1.0.200.202301161003/tools/bin/../lib/gcc/arm-none-eabi/10.3.1/../../../../arm-none-eabi/lib/thumb/v7e-m+fp/hard\libc_nano.a(lib_a-init.o)
 .ARM.attributes
                0x0000000000000483       0x34 c:/st/stm32cubeide_1.9.0/stm32cubeide/plugins/com.st.stm32cube.ide.mcu.externaltools.gnu-tools-for-stm32.10.3-2021.10.win32_1.0.200.202301161003/tools/bin/../lib/gcc/arm-none-eabi/10.3.1/../../../../arm-none-eabi/lib/thumb/v7e-m+fp/hard\libc_nano.a(lib_a-memcpy-stub.o)
 .ARM.attributes
                0x00000000000004b7       0x34 c:/st/stm32cubeide_1.9.0/stm32cubeide/plugins/com.st.stm32cube.ide.mcu.externaltools.gnu-tools-for-stm32.10.3-2021.10.win32_1.0.200.202301161003/tools/bin/../lib/gcc/arm-none-eabi/10.3.1/../../../../arm-none-eabi/lib/thumb/v7e-m+fp/hard\libc_nano.a(lib_a-memset.o)
 .ARM.attributes
                0x00000000000004eb       0x34 c:/st/stm32cubeide_1.9.0/stm32cubeide/plugins/com.st.stm32cube.ide.mcu.externaltools.gnu-tools-for-stm32.10.3-2021.10.win32_1.0.200.202301161003/tools/bin/../lib/gcc/arm-none-eabi/10.3.1/../../../../arm-none-eabi/lib/thumb/v7e-m+fp/hard\libc_nano.a(lib_a-puts.o)
 .ARM.attributes
                0x000000000000051f       0x34 c:/st/stm32cubeide_1.9.0/stm32cubeide/plugins/com.st.stm32cube.ide.mcu.externaltools.gnu-tools-for-stm32.10.3-2021.10.win32_1.0.200.202301161003/tools/bin/../lib/gcc/arm-none-eabi/10.3.1/../../../../arm-none-eabi/lib/thumb/v7e-m+fp/hard\libc_nano.a(lib_a-wbuf.o)
 .ARM.attributes
                0x0000000000000553       0x34 c:/st/stm32cubeide_1.9.0/stm32cubeide/plugins/com.st.stm32cube.ide.mcu.externaltools.gnu-tools-for-stm32.10.3-2021.10.win32_1.0.200.202301161003/tools/bin/../lib/gcc/arm-none-eabi/10.3.1/../../../../arm-none-eabi/lib/thumb/v7e-m+fp/hard\libc_nano.a(lib_a-wsetup.o)
 .ARM.attributes
                0x0000000000000587       0x34 c:/st/stm32cubeide_1.9.0/stm32cubeide/plugins/com.st.stm32cube.ide.mcu.externaltools.gnu-tools-for-stm32.10.3-2021.10.win32_1.0.200.202301161003/tools/bin/../lib/gcc/arm-none-eabi/10.3.1/../../../../arm-none-eabi/lib/thumb/v7e-m+fp/hard\libc_nano.a(lib_a-fflush.o)
 .ARM.attributes
                0x00000000000005bb       0x34 c:/st/stm32cubeide_1.9.0/stm32cubeide/plugins/com.st.stm32cube.ide.mcu.externaltools.gnu-tools-for-stm32.10.3-2021.10.win32_1.0.200.202301161003/tools/bin/../lib/gcc/arm-none-eabi/10.3.1/../../../../arm-none-eabi/lib/thumb/v7e-m+fp/hard\libc_nano.a(lib_a-findfp.o)
 .ARM.attributes
                0x00000000000005ef       0x34 c:/st/stm32cubeide_1.9.0/stm32cubeide/plugins/com.st.stm32cube.ide.mcu.externaltools.gnu-tools-for-stm32.10.3-2021.10.win32_1.0.200.202301161003/tools/bin/../lib/gcc/arm-none-eabi/10.3.1/../../../../arm-none-eabi/lib/thumb/v7e-m+fp/hard\libc_nano.a(lib_a-fwalk.o)
 .ARM.attributes
                0x0000000000000623       0x34 c:/st/stm32cubeide_1.9.0/stm32cubeide/plugins/com.st.stm32cube.ide.mcu.externaltools.gnu-tools-for-stm32.10.3-2021.10.win32_1.0.200.202301161003/tools/bin/../lib/gcc/arm-none-eabi/10.3.1/../../../../arm-none-eabi/lib/thumb/v7e-m+fp/hard\libc_nano.a(lib_a-lock.o)
 .ARM.attributes
                0x0000000000000657       0x34 c:/st/stm32cubeide_1.9.0/stm32cubeide/plugins/com.st.stm32cube.ide.mcu.externaltools.gnu-tools-for-stm32.10.3-2021.10.win32_1.0.200.202301161003/tools/bin/../lib/gcc/arm-none-eabi/10.3.1/../../../../arm-none-eabi/lib/thumb/v7e-m+fp/hard\libc_nano.a(lib_a-makebuf.o)
 .ARM.attributes
                0x000000000000068b       0x34 c:/st/stm32cubeide_1.9.0/stm32cubeide/plugins/com.st.stm32cube.ide.mcu.externaltools.gnu-tools-for-stm32.10.3-2021.10.win32_1.0.200.202301161003/tools/bin/../lib/gcc/arm-none-eabi/10.3.1/../../../../arm-none-eabi/lib/thumb/v7e-m+fp/hard\libc_nano.a(lib_a-nano-freer.o)
 .ARM.attributes
                0x00000000000006bf       0x34 c:/st/stm32cubeide_1.9.0/stm32cubeide/plugins/com.st.stm32cube.ide.mcu.externaltools.gnu-tools-for-stm32.10.3-2021.10.win32_1.0.200.202301161003/tools/bin/../lib/gcc/arm-none-eabi/10.3.1/../../../../arm-none-eabi/lib/thumb/v7e-m+fp/hard\libc_nano.a(lib_a-nano-mallocr.o)
 .ARM.attributes
                0x00000000000006f3       0x34 c:/st/stm32cubeide_1.9.0/stm32cubeide/plugins/com.st.stm32cube.ide.mcu.externaltools.gnu-tools-for-stm32.10.3-2021.10.win32_1.0.200.202301161003/tools/bin/../lib/gcc/arm-none-eabi/10.3.1/../../../../arm-none-eabi/lib/thumb/v7e-m+fp/hard\libc_nano.a(lib_a-sbrkr.o)
 .ARM.attributes
                0x0000000000000727       0x34 c:/st/stm32cubeide_1.9.0/stm32cubeide/plugins/com.st.stm32cube.ide.mcu.externaltools.gnu-tools-for-stm32.10.3-2021.10.win32_1.0.200.202301161003/tools/bin/../lib/gcc/arm-none-eabi/10.3.1/../../../../arm-none-eabi/lib/thumb/v7e-m+fp/hard\libc_nano.a(lib_a-stdio.o)
 .ARM.attributes
                0x000000000000075b       0x34 c:/st/stm32cubeide_1.9.0/stm32cubeide/plugins/com.st.stm32cube.ide.mcu.externaltools.gnu-tools-for-stm32.10.3-2021.10.win32_1.0.200.202301161003/tools/bin/../lib/gcc/arm-none-eabi/10.3.1/../../../../arm-none-eabi/lib/thumb/v7e-m+fp/hard\libc_nano.a(lib_a-writer.o)
 .ARM.attributes
                0x000000000000078f       0x34 c:/st/stm32cubeide_1.9.0/stm32cubeide/plugins/com.st.stm32cube.ide.mcu.externaltools.gnu-tools-for-stm32.10.3-2021.10.win32_1.0.200.202301161003/tools/bin/../lib/gcc/arm-none-eabi/10.3.1/../../../../arm-none-eabi/lib/thumb/v7e-m+fp/hard\libc_nano.a(lib_a-closer.o)
 .ARM.attributes
                0x00000000000007c3       0x34 c:/st/stm32cubeide_1.9.0/stm32cubeide/plugins/com.st.stm32cube.ide.mcu.externaltools.gnu-tools-for-stm32.10.3-2021.10.win32_1.0.200.202301161003/tools/bin/../lib/gcc/arm-none-eabi/10.3.1/../../../../arm-none-eabi/lib/thumb/v7e-m+fp/hard\libc_nano.a(lib_a-fstatr.o)
 .ARM.attributes
                0x00000000000007f7       0x34 c:/st/stm32cubeide_1.9.0/stm32cubeide/plugins/com.st.stm32cube.ide.mcu.externaltools.gnu-tools-for-stm32.10.3-2021.10.win32_1.0.200.202301161003/tools/bin/../lib/gcc/arm-none-eabi/10.3.1/../../../../arm-none-eabi/lib/thumb/v7e-m+fp/hard\libc_nano.a(lib_a-isattyr.o)
 .ARM.attributes
                0x000000000000082b       0x34 c:/st/stm32cubeide_1.9.0/stm32cubeide/plugins/com.st.stm32cube.ide.mcu.externaltools.gnu-tools-for-stm32.10.3-2021.10.win32_1.0.200.202301161003/tools/bin/../lib/gcc/arm-none-eabi/10.3.1/../../../../arm-none-eabi/lib/thumb/v7e-m+fp/hard\libc_nano.a(lib_a-lseekr.o)
 .ARM.attributes
                0x000000000000085f       0x34 c:/st/stm32cubeide_1.9.0/stm32cubeide/plugins/com.st.stm32cube.ide.mcu.externaltools.gnu-tools-for-stm32.10.3-2021.10.win32_1.0.200.202301161003/tools/bin/../lib/gcc/arm-none-eabi/10.3.1/../../../../arm-none-eabi/lib/thumb/v7e-m+fp/hard\libc_nano.a(lib_a-mlock.o)
 .ARM.attributes
                0x0000000000000893       0x34 c:/st/stm32cubeide_1.9.0/stm32cubeide/plugins/com.st.stm32cube.ide.mcu.externaltools.gnu-tools-for-stm32.10.3-2021.10.win32_1.0.200.202301161003/tools/bin/../lib/gcc/arm-none-eabi/10.3.1/../../../../arm-none-eabi/lib/thumb/v7e-m+fp/hard\libc_nano.a(lib_a-readr.o)
 .ARM.attributes
                0x00000000000008c7       0x34 c:/st/stm32cubeide_1.9.0/stm32cubeide/plugins/com.st.stm32cube.ide.mcu.externaltools.gnu-tools-for-stm32.10.3-2021.10.win32_1.0.200.202301161003/tools/bin/../lib/gcc/arm-none-eabi/10.3.1/../../../../arm-none-eabi/lib/thumb/v7e-m+fp/hard\libc_nano.a(lib_a-reent.o)
 .ARM.attributes
                0x00000000000008fb       0x34 c:/st/stm32cubeide_1.9.0/stm32cubeide/plugins/com.st.stm32cube.ide.mcu.externaltools.gnu-tools-for-stm32.10.3-2021.10.win32_1.0.200.202301161003/tools/bin/../lib/gcc/arm-none-eabi/10.3.1/../../../../arm-none-eabi/lib/thumb/v7e-m+fp/hard\libnosys.a(sbrk.o)
 .ARM.attributes
                0x000000000000092f       0x1e c:/st/stm32cubeide_1.9.0/stm32cubeide/plugins/com.st.stm32cube.ide.mcu.externaltools.gnu-tools-for-stm32.10.3-2021.10.win32_1.0.200.202301161003/tools/bin/../lib/gcc/arm-none-eabi/10.3.1/thumb/v7e-m+fp/hard/crtn.o
OUTPUT(4.0_Timer.elf elf32-littlearm)
LOAD linker stubs
LOAD c:/st/stm32cubeide_1.9.0/stm32cubeide/plugins/com.st.stm32cube.ide.mcu.externaltools.gnu-tools-for-stm32.10.3-2021.10.win32_1.0.200.202301161003/tools/bin/../lib/gcc/arm-none-eabi/10.3.1/../../../../arm-none-eabi/lib/thumb/v7e-m+fp/hard\libc.a
LOAD c:/st/stm32cubeide_1.9.0/stm32cubeide/plugins/com.st.stm32cube.ide.mcu.externaltools.gnu-tools-for-stm32.10.3-2021.10.win32_1.0.200.202301161003/tools/bin/../lib/gcc/arm-none-eabi/10.3.1/../../../../arm-none-eabi/lib/thumb/v7e-m+fp/hard\libm.a
LOAD c:/st/stm32cubeide_1.9.0/stm32cubeide/plugins/com.st.stm32cube.ide.mcu.externaltools.gnu-tools-for-stm32.10.3-2021.10.win32_1.0.200.202301161003/tools/bin/../lib/gcc/arm-none-eabi/10.3.1/thumb/v7e-m+fp/hard\libgcc.a

.debug_info     0x0000000000000000     0xf9aa
 .debug_info    0x0000000000000000      0xcb4 ./Core/Src/main.o
 .debug_info    0x0000000000000cb4      0x1aa ./Core/Src/stm32f3xx_hal_msp.o
 .debug_info    0x0000000000000e5e      0xa9f ./Core/Src/stm32f3xx_hal_timebase_tim.o
 .debug_info    0x00000000000018fd      0x6f6 ./Core/Src/stm32f3xx_it.o
 .debug_info    0x0000000000001ff3      0x70f ./Core/Src/syscalls.o
 .debug_info    0x0000000000002702      0x416 ./Core/Src/system_stm32f3xx.o
 .debug_info    0x0000000000002b18       0x22 ./Core/Startup/startup_stm32f334r8tx.o
 .debug_info    0x0000000000002b3a      0x7a7 ./Drivers/STM32F3xx_HAL_Driver/Src/stm32f3xx_hal.o
 .debug_info    0x00000000000032e1      0xb4a ./Drivers/STM32F3xx_HAL_Driver/Src/stm32f3xx_hal_cortex.o
 .debug_info    0x0000000000003e2b      0x74e ./Drivers/STM32F3xx_HAL_Driver/Src/stm32f3xx_hal_gpio.o
 .debug_info    0x0000000000004579     0x1585 ./Drivers/STM32F3xx_HAL_Driver/Src/stm32f3xx_hal_rcc.o
 .debug_info    0x0000000000005afe     0x2cdb ./Drivers/STM32F3xx_HAL_Driver/Src/stm32f3xx_hal_tim.o
 .debug_info    0x00000000000087d9     0x16a8 ./Drivers/STM32F3xx_HAL_Driver/Src/stm32f3xx_hal_tim_ex.o
 .debug_info    0x0000000000009e81      0x2d1 ./FreeRTOS-Kernel/list.o
 .debug_info    0x000000000000a152     0x196b ./FreeRTOS-Kernel/queue.o
 .debug_info    0x000000000000babd     0x25e1 ./FreeRTOS-Kernel/tasks.o
 .debug_info    0x000000000000e09e      0xeaf ./FreeRTOS-Kernel/timers.o
 .debug_info    0x000000000000ef4d      0x507 ./FreeRTOS-Kernel/portable/GCC/ARM_CM4F/port.o
 .debug_info    0x000000000000f454      0x556 ./FreeRTOS-Kernel/portable/MemMang/heap_4.o

.debug_abbrev   0x0000000000000000     0x26ba
 .debug_abbrev  0x0000000000000000      0x26f ./Core/Src/main.o
 .debug_abbrev  0x000000000000026f       0xc2 ./Core/Src/stm32f3xx_hal_msp.o
 .debug_abbrev  0x0000000000000331      0x1e6 ./Core/Src/stm32f3xx_hal_timebase_tim.o
 .debug_abbrev  0x0000000000000517      0x171 ./Core/Src/stm32f3xx_it.o
 .debug_abbrev  0x0000000000000688      0x1af ./Core/Src/syscalls.o
 .debug_abbrev  0x0000000000000837      0x116 ./Core/Src/system_stm32f3xx.o
 .debug_abbrev  0x000000000000094d       0x12 ./Core/Startup/startup_stm32f334r8tx.o
 .debug_abbrev  0x000000000000095f      0x20e ./Drivers/STM32F3xx_HAL_Driver/Src/stm32f3xx_hal.o
 .debug_abbrev  0x0000000000000b6d      0x2ed ./Drivers/STM32F3xx_HAL_Driver/Src/stm32f3xx_hal_cortex.o
 .debug_abbrev  0x0000000000000e5a      0x1bb ./Drivers/STM32F3xx_HAL_Driver/Src/stm32f3xx_hal_gpio.o
 .debug_abbrev  0x0000000000001015      0x2f9 ./Drivers/STM32F3xx_HAL_Driver/Src/stm32f3xx_hal_rcc.o
 .debug_abbrev  0x000000000000130e      0x264 ./Drivers/STM32F3xx_HAL_Driver/Src/stm32f3xx_hal_tim.o
 .debug_abbrev  0x0000000000001572      0x26c ./Drivers/STM32F3xx_HAL_Driver/Src/stm32f3xx_hal_tim_ex.o
 .debug_abbrev  0x00000000000017de       0xf2 ./FreeRTOS-Kernel/list.o
 .debug_abbrev  0x00000000000018d0      0x312 ./FreeRTOS-Kernel/queue.o
 .debug_abbrev  0x0000000000001be2      0x36c ./FreeRTOS-Kernel/tasks.o
 .debug_abbrev  0x0000000000001f4e      0x2c5 ./FreeRTOS-Kernel/timers.o
 .debug_abbrev  0x0000000000002213      0x259 ./FreeRTOS-Kernel/portable/GCC/ARM_CM4F/port.o
 .debug_abbrev  0x000000000000246c      0x24e ./FreeRTOS-Kernel/portable/MemMang/heap_4.o

.debug_aranges  0x0000000000000000      0xf40
 .debug_aranges
                0x0000000000000000       0x50 ./Core/Src/main.o
 .debug_aranges
                0x0000000000000050       0x20 ./Core/Src/stm32f3xx_hal_msp.o
 .debug_aranges
                0x0000000000000070       0x30 ./Core/Src/stm32f3xx_hal_timebase_tim.o
 .debug_aranges
                0x00000000000000a0       0x50 ./Core/Src/stm32f3xx_it.o
 .debug_aranges
                0x00000000000000f0       0xb0 ./Core/Src/syscalls.o
 .debug_aranges
                0x00000000000001a0       0x28 ./Core/Src/system_stm32f3xx.o
 .debug_aranges
                0x00000000000001c8       0x28 ./Core/Startup/startup_stm32f334r8tx.o
 .debug_aranges
                0x00000000000001f0       0xe0 ./Drivers/STM32F3xx_HAL_Driver/Src/stm32f3xx_hal.o
 .debug_aranges
                0x00000000000002d0      0x100 ./Drivers/STM32F3xx_HAL_Driver/Src/stm32f3xx_hal_cortex.o
 .debug_aranges
                0x00000000000003d0       0x58 ./Drivers/STM32F3xx_HAL_Driver/Src/stm32f3xx_hal_gpio.o
 .debug_aranges
                0x0000000000000428       0x88 ./Drivers/STM32F3xx_HAL_Driver/Src/stm32f3xx_hal_rcc.o
 .debug_aranges
                0x00000000000004b0      0x3e0 ./Drivers/STM32F3xx_HAL_Driver/Src/stm32f3xx_hal_tim.o
 .debug_aranges
                0x0000000000000890      0x178 ./Drivers/STM32F3xx_HAL_Driver/Src/stm32f3xx_hal_tim_ex.o
 .debug_aranges
                0x0000000000000a08       0x40 ./FreeRTOS-Kernel/list.o
 .debug_aranges
                0x0000000000000a48      0x130 ./FreeRTOS-Kernel/queue.o
 .debug_aranges
                0x0000000000000b78      0x200 ./FreeRTOS-Kernel/tasks.o
 .debug_aranges
                0x0000000000000d78       0xe8 ./FreeRTOS-Kernel/timers.o
 .debug_aranges
                0x0000000000000e60       0x80 ./FreeRTOS-Kernel/portable/GCC/ARM_CM4F/port.o
 .debug_aranges
                0x0000000000000ee0       0x60 ./FreeRTOS-Kernel/portable/MemMang/heap_4.o

.debug_ranges   0x0000000000000000      0xe18
 .debug_ranges  0x0000000000000000       0x40 ./Core/Src/main.o
 .debug_ranges  0x0000000000000040       0x10 ./Core/Src/stm32f3xx_hal_msp.o
 .debug_ranges  0x0000000000000050       0x20 ./Core/Src/stm32f3xx_hal_timebase_tim.o
 .debug_ranges  0x0000000000000070       0x40 ./Core/Src/stm32f3xx_it.o
 .debug_ranges  0x00000000000000b0       0xa0 ./Core/Src/syscalls.o
 .debug_ranges  0x0000000000000150       0x18 ./Core/Src/system_stm32f3xx.o
 .debug_ranges  0x0000000000000168       0x20 ./Core/Startup/startup_stm32f334r8tx.o
 .debug_ranges  0x0000000000000188       0xd0 ./Drivers/STM32F3xx_HAL_Driver/Src/stm32f3xx_hal.o
 .debug_ranges  0x0000000000000258       0xf0 ./Drivers/STM32F3xx_HAL_Driver/Src/stm32f3xx_hal_cortex.o
 .debug_ranges  0x0000000000000348       0x48 ./Drivers/STM32F3xx_HAL_Driver/Src/stm32f3xx_hal_gpio.o
 .debug_ranges  0x0000000000000390       0x78 ./Drivers/STM32F3xx_HAL_Driver/Src/stm32f3xx_hal_rcc.o
 .debug_ranges  0x0000000000000408      0x3d0 ./Drivers/STM32F3xx_HAL_Driver/Src/stm32f3xx_hal_tim.o
 .debug_ranges  0x00000000000007d8      0x168 ./Drivers/STM32F3xx_HAL_Driver/Src/stm32f3xx_hal_tim_ex.o
 .debug_ranges  0x0000000000000940       0x30 ./FreeRTOS-Kernel/list.o
 .debug_ranges  0x0000000000000970      0x120 ./FreeRTOS-Kernel/queue.o
 .debug_ranges  0x0000000000000a90      0x1f0 ./FreeRTOS-Kernel/tasks.o
 .debug_ranges  0x0000000000000c80       0xd8 ./FreeRTOS-Kernel/timers.o
 .debug_ranges  0x0000000000000d58       0x70 ./FreeRTOS-Kernel/portable/GCC/ARM_CM4F/port.o
 .debug_ranges  0x0000000000000dc8       0x50 ./FreeRTOS-Kernel/portable/MemMang/heap_4.o

.debug_macro    0x0000000000000000    0x21ade
 .debug_macro   0x0000000000000000      0x39b ./Core/Src/main.o
 .debug_macro   0x000000000000039b      0xa78 ./Core/Src/main.o
 .debug_macro   0x0000000000000e13      0x151 ./Core/Src/main.o
 .debug_macro   0x0000000000000f64       0x2e ./Core/Src/main.o
 .debug_macro   0x0000000000000f92       0x28 ./Core/Src/main.o
 .debug_macro   0x0000000000000fba       0x22 ./Core/Src/main.o
 .debug_macro   0x0000000000000fdc       0x8e ./Core/Src/main.o
 .debug_macro   0x000000000000106a       0x51 ./Core/Src/main.o
 .debug_macro   0x00000000000010bb      0x103 ./Core/Src/main.o
 .debug_macro   0x00000000000011be       0x6a ./Core/Src/main.o
 .debug_macro   0x0000000000001228      0x1df ./Core/Src/main.o
 .debug_macro   0x0000000000001407       0x1c ./Core/Src/main.o
 .debug_macro   0x0000000000001423       0x22 ./Core/Src/main.o
 .debug_macro   0x0000000000001445       0xd9 ./Core/Src/main.o
 .debug_macro   0x000000000000151e      0xf07 ./Core/Src/main.o
 .debug_macro   0x0000000000002425    0x1585b ./Core/Src/main.o
 .debug_macro   0x0000000000017c80       0x6d ./Core/Src/main.o
 .debug_macro   0x0000000000017ced     0x3558 ./Core/Src/main.o
 .debug_macro   0x000000000001b245      0x174 ./Core/Src/main.o
 .debug_macro   0x000000000001b3b9       0x55 ./Core/Src/main.o
 .debug_macro   0x000000000001b40e      0x8f8 ./Core/Src/main.o
 .debug_macro   0x000000000001bd06      0x358 ./Core/Src/main.o
 .debug_macro   0x000000000001c05e      0x1b5 ./Core/Src/main.o
 .debug_macro   0x000000000001c213      0x130 ./Core/Src/main.o
 .debug_macro   0x000000000001c343      0x1d5 ./Core/Src/main.o
 .debug_macro   0x000000000001c518      0x1bc ./Core/Src/main.o
 .debug_macro   0x000000000001c6d4       0x34 ./Core/Src/main.o
 .debug_macro   0x000000000001c708       0x3c ./Core/Src/main.o
 .debug_macro   0x000000000001c744       0x57 ./Core/Src/main.o
 .debug_macro   0x000000000001c79b       0xc5 ./Core/Src/main.o
 .debug_macro   0x000000000001c860      0x19f ./Core/Src/main.o
 .debug_macro   0x000000000001c9ff      0x22c ./Core/Src/main.o
 .debug_macro   0x000000000001cc2b       0x5b ./Core/Src/main.o
 .debug_macro   0x000000000001cc86       0xa5 ./Core/Src/main.o
 .debug_macro   0x000000000001cd2b       0x81 ./Core/Src/main.o
 .debug_macro   0x000000000001cdac       0xd3 ./Core/Src/main.o
 .debug_macro   0x000000000001ce7f      0xa59 ./Core/Src/main.o
 .debug_macro   0x000000000001d8d8       0x59 ./Core/Src/main.o
 .debug_macro   0x000000000001d931      0x2a1 ./Core/Src/main.o
 .debug_macro   0x000000000001dbd2      0x112 ./Core/Src/main.o
 .debug_macro   0x000000000001dce4      0x15a ./Core/Src/main.o
 .debug_macro   0x000000000001de3e       0xea ./Core/Src/main.o
 .debug_macro   0x000000000001df28       0x28 ./Core/Src/main.o
 .debug_macro   0x000000000001df50       0x1f ./Core/Src/main.o
 .debug_macro   0x000000000001df6f       0x12 ./Core/Src/main.o
 .debug_macro   0x000000000001df81      0x51f ./Core/Src/main.o
 .debug_macro   0x000000000001e4a0       0xc3 ./Core/Src/main.o
 .debug_macro   0x000000000001e563      0x120 ./Core/Src/main.o
 .debug_macro   0x000000000001e683       0x91 ./Core/Src/main.o
 .debug_macro   0x000000000001e714       0x52 ./Core/Src/main.o
 .debug_macro   0x000000000001e766       0x1e ./Core/Src/main.o
 .debug_macro   0x000000000001e784       0x3c ./Core/Src/main.o
 .debug_macro   0x000000000001e7c0       0x34 ./Core/Src/main.o
 .debug_macro   0x000000000001e7f4       0x16 ./Core/Src/main.o
 .debug_macro   0x000000000001e80a       0x35 ./Core/Src/main.o
 .debug_macro   0x000000000001e83f      0x341 ./Core/Src/main.o
 .debug_macro   0x000000000001eb80       0x10 ./Core/Src/main.o
 .debug_macro   0x000000000001eb90       0x16 ./Core/Src/main.o
 .debug_macro   0x000000000001eba6       0x43 ./Core/Src/main.o
 .debug_macro   0x000000000001ebe9       0x34 ./Core/Src/main.o
 .debug_macro   0x000000000001ec1d       0x10 ./Core/Src/main.o
 .debug_macro   0x000000000001ec2d       0x58 ./Core/Src/main.o
 .debug_macro   0x000000000001ec85       0x71 ./Core/Src/main.o
 .debug_macro   0x000000000001ecf6       0x1c ./Core/Src/main.o
 .debug_macro   0x000000000001ed12      0x12a ./Core/Src/main.o
 .debug_macro   0x000000000001ee3c       0x10 ./Core/Src/main.o
 .debug_macro   0x000000000001ee4c       0x1c ./Core/Src/main.o
 .debug_macro   0x000000000001ee68       0x52 ./Core/Src/main.o
 .debug_macro   0x000000000001eeba       0x22 ./Core/Src/main.o
 .debug_macro   0x000000000001eedc       0x10 ./Core/Src/main.o
 .debug_macro   0x000000000001eeec       0x52 ./Core/Src/main.o
 .debug_macro   0x000000000001ef3e       0xd5 ./Core/Src/main.o
 .debug_macro   0x000000000001f013       0x1c ./Core/Src/main.o
 .debug_macro   0x000000000001f02f       0x3d ./Core/Src/main.o
 .debug_macro   0x000000000001f06c       0x16 ./Core/Src/main.o
 .debug_macro   0x000000000001f082      0x145 ./Core/Src/main.o
 .debug_macro   0x000000000001f1c7      0x1bc ./Core/Src/stm32f3xx_hal_msp.o
 .debug_macro   0x000000000001f383      0x1b2 ./Core/Src/stm32f3xx_hal_timebase_tim.o
 .debug_macro   0x000000000001f535      0x1c6 ./Core/Src/stm32f3xx_it.o
 .debug_macro   0x000000000001f6fb      0x25e ./Core/Src/syscalls.o
 .debug_macro   0x000000000001f959       0x4c ./Core/Src/syscalls.o
 .debug_macro   0x000000000001f9a5       0x94 ./Core/Src/syscalls.o
 .debug_macro   0x000000000001fa39       0x57 ./Core/Src/syscalls.o
 .debug_macro   0x000000000001fa90       0x10 ./Core/Src/syscalls.o
 .debug_macro   0x000000000001faa0       0x10 ./Core/Src/syscalls.o
 .debug_macro   0x000000000001fab0       0x10 ./Core/Src/syscalls.o
 .debug_macro   0x000000000001fac0       0x35 ./Core/Src/syscalls.o
 .debug_macro   0x000000000001faf5      0x12c ./Core/Src/syscalls.o
 .debug_macro   0x000000000001fc21       0x16 ./Core/Src/syscalls.o
 .debug_macro   0x000000000001fc37       0x16 ./Core/Src/syscalls.o
 .debug_macro   0x000000000001fc4d       0x29 ./Core/Src/syscalls.o
 .debug_macro   0x000000000001fc76       0x10 ./Core/Src/syscalls.o
 .debug_macro   0x000000000001fc86      0x241 ./Core/Src/syscalls.o
 .debug_macro   0x000000000001fec7       0x1c ./Core/Src/syscalls.o
 .debug_macro   0x000000000001fee3       0x10 ./Core/Src/syscalls.o
 .debug_macro   0x000000000001fef3      0x189 ./Core/Src/syscalls.o
 .debug_macro   0x000000000002007c       0x16 ./Core/Src/syscalls.o
 .debug_macro   0x0000000000020092       0xce ./Core/Src/syscalls.o
 .debug_macro   0x0000000000020160      0x1b2 ./Core/Src/system_stm32f3xx.o
 .debug_macro   0x0000000000020312      0x1d6 ./Drivers/STM32F3xx_HAL_Driver/Src/stm32f3xx_hal.o
 .debug_macro   0x00000000000204e8      0x1b2 ./Drivers/STM32F3xx_HAL_Driver/Src/stm32f3xx_hal_cortex.o
 .debug_macro   0x000000000002069a      0x1b9 ./Drivers/STM32F3xx_HAL_Driver/Src/stm32f3xx_hal_gpio.o
 .debug_macro   0x0000000000020853      0x1d6 ./Drivers/STM32F3xx_HAL_Driver/Src/stm32f3xx_hal_rcc.o
 .debug_macro   0x0000000000020a29      0x1b3 ./Drivers/STM32F3xx_HAL_Driver/Src/stm32f3xx_hal_tim.o
 .debug_macro   0x0000000000020bdc      0x1b2 ./Drivers/STM32F3xx_HAL_Driver/Src/stm32f3xx_hal_tim_ex.o
 .debug_macro   0x0000000000020d8e      0x198 ./FreeRTOS-Kernel/list.o
 .debug_macro   0x0000000000020f26      0x22f ./FreeRTOS-Kernel/queue.o
 .debug_macro   0x0000000000021155       0x16 ./FreeRTOS-Kernel/queue.o
 .debug_macro   0x000000000002116b       0x20 ./FreeRTOS-Kernel/queue.o
 .debug_macro   0x000000000002118b       0x80 ./FreeRTOS-Kernel/queue.o
 .debug_macro   0x000000000002120b      0x27e ./FreeRTOS-Kernel/tasks.o
 .debug_macro   0x0000000000021489       0x17 ./FreeRTOS-Kernel/tasks.o
 .debug_macro   0x00000000000214a0      0x1e7 ./FreeRTOS-Kernel/timers.o
 .debug_macro   0x0000000000021687       0x97 ./FreeRTOS-Kernel/timers.o
 .debug_macro   0x000000000002171e      0x1a7 ./FreeRTOS-Kernel/portable/GCC/ARM_CM4F/port.o
 .debug_macro   0x00000000000218c5      0x219 ./FreeRTOS-Kernel/portable/MemMang/heap_4.o

.debug_line     0x0000000000000000    0x10e8b
 .debug_line    0x0000000000000000      0xaa1 ./Core/Src/main.o
 .debug_line    0x0000000000000aa1      0x6a8 ./Core/Src/stm32f3xx_hal_msp.o
 .debug_line    0x0000000000001149      0x724 ./Core/Src/stm32f3xx_hal_timebase_tim.o
 .debug_line    0x000000000000186d      0x745 ./Core/Src/stm32f3xx_it.o
 .debug_line    0x0000000000001fb2      0x82e ./Core/Src/syscalls.o
 .debug_line    0x00000000000027e0      0x71f ./Core/Src/system_stm32f3xx.o
 .debug_line    0x0000000000002eff       0x88 ./Core/Startup/startup_stm32f334r8tx.o
 .debug_line    0x0000000000002f87      0x954 ./Drivers/STM32F3xx_HAL_Driver/Src/stm32f3xx_hal.o
 .debug_line    0x00000000000038db      0xb3c ./Drivers/STM32F3xx_HAL_Driver/Src/stm32f3xx_hal_cortex.o
 .debug_line    0x0000000000004417      0xa9f ./Drivers/STM32F3xx_HAL_Driver/Src/stm32f3xx_hal_gpio.o
 .debug_line    0x0000000000004eb6     0x1331 ./Drivers/STM32F3xx_HAL_Driver/Src/stm32f3xx_hal_rcc.o
 .debug_line    0x00000000000061e7     0x3b9e ./Drivers/STM32F3xx_HAL_Driver/Src/stm32f3xx_hal_tim.o
 .debug_line    0x0000000000009d85     0x19cd ./Drivers/STM32F3xx_HAL_Driver/Src/stm32f3xx_hal_tim_ex.o
 .debug_line    0x000000000000b752      0x6e0 ./FreeRTOS-Kernel/list.o
 .debug_line    0x000000000000be32     0x15ec ./FreeRTOS-Kernel/queue.o
 .debug_line    0x000000000000d41e     0x1d44 ./FreeRTOS-Kernel/tasks.o
 .debug_line    0x000000000000f162      0xc02 ./FreeRTOS-Kernel/timers.o
 .debug_line    0x000000000000fd64      0x7c3 ./FreeRTOS-Kernel/portable/GCC/ARM_CM4F/port.o
 .debug_line    0x0000000000010527      0x964 ./FreeRTOS-Kernel/portable/MemMang/heap_4.o

.debug_str      0x0000000000000000    0xc8fff
 .debug_str     0x0000000000000000    0xc1a24 ./Core/Src/main.o
                                      0xc1db3 (size before relaxing)
 .debug_str     0x00000000000c1a24       0x2c ./Core/Src/stm32f3xx_hal_msp.o
                                      0xb802c (size before relaxing)
 .debug_str     0x00000000000c1a50      0x3cd ./Core/Src/stm32f3xx_hal_timebase_tim.o
                                      0xb8a16 (size before relaxing)
 .debug_str     0x00000000000c1e1d       0xa5 ./Core/Src/stm32f3xx_it.o
                                      0xb855c (size before relaxing)
 .debug_str     0x00000000000c1ec2     0x1680 ./Core/Src/syscalls.o
                                       0x8b1d (size before relaxing)
 .debug_str     0x00000000000c3542       0xe9 ./Core/Src/system_stm32f3xx.o
                                      0xb80ea (size before relaxing)